Archive member included to satisfy reference by file (symbol)

app/libapp.a(main.c.obj)      (--whole-archive)
zephyr/libzephyr.a(cbprintf_packaged.c.obj)
                              (--whole-archive)
zephyr/libzephyr.a(dec.c.obj)
                              (--whole-archive)
zephyr/libzephyr.a(fdtable.c.obj)
                              (--whole-archive)
zephyr/libzephyr.a(hex.c.obj)
                              (--whole-archive)
zephyr/libzephyr.a(printk.c.obj)
                              (--whole-archive)
zephyr/libzephyr.a(rb.c.obj)  (--whole-archive)
zephyr/libzephyr.a(sem.c.obj)
                              (--whole-archive)
zephyr/libzephyr.a(thread_entry.c.obj)
                              (--whole-archive)
zephyr/libzephyr.a(timeutil.c.obj)
                              (--whole-archive)
zephyr/libzephyr.a(heap.c.obj)
                              (--whole-archive)
zephyr/libzephyr.a(heap-validate.c.obj)
                              (--whole-archive)
zephyr/libzephyr.a(bitarray.c.obj)
                              (--whole-archive)
zephyr/libzephyr.a(multi_heap.c.obj)
                              (--whole-archive)
zephyr/libzephyr.a(cbprintf_complete.c.obj)
                              (--whole-archive)
zephyr/libzephyr.a(cbprintf.c.obj)
                              (--whole-archive)
zephyr/libzephyr.a(assert.c.obj)
                              (--whole-archive)
zephyr/libzephyr.a(mpsc_pbuf.c.obj)
                              (--whole-archive)
zephyr/libzephyr.a(configs.c.obj)
                              (--whole-archive)
zephyr/libzephyr.a(soc.c.obj)
                              (--whole-archive)
zephyr/libzephyr.a(stm32cube_hal.c.obj)
                              (--whole-archive)
zephyr/libzephyr.a(soc_config.c.obj)
                              (--whole-archive)
zephyr/libzephyr.a(log_core.c.obj)
                              (--whole-archive)
zephyr/libzephyr.a(log_mgmt.c.obj)
                              (--whole-archive)
zephyr/libzephyr.a(log_cache.c.obj)
                              (--whole-archive)
zephyr/libzephyr.a(log_msg.c.obj)
                              (--whole-archive)
zephyr/libzephyr.a(log_output.c.obj)
                              (--whole-archive)
zephyr/libzephyr.a(log_backend_rtt.c.obj)
                              (--whole-archive)
zephyr/libzephyr.a(tracing_none.c.obj)
                              (--whole-archive)
zephyr/arch/common/libarch__common.a(sw_isr_common.c.obj)
                              (--whole-archive)
zephyr/arch/arch/arm/core/aarch32/libarch__arm__core__aarch32.a(cpu_idle.S.obj)
                              (--whole-archive)
zephyr/arch/arch/arm/core/aarch32/libarch__arm__core__aarch32.a(fatal.c.obj)
                              (--whole-archive)
zephyr/arch/arch/arm/core/aarch32/libarch__arm__core__aarch32.a(irq_manage.c.obj)
                              (--whole-archive)
zephyr/arch/arch/arm/core/aarch32/libarch__arm__core__aarch32.a(nmi.c.obj)
                              (--whole-archive)
zephyr/arch/arch/arm/core/aarch32/libarch__arm__core__aarch32.a(nmi_on_reset.S.obj)
                              (--whole-archive)
zephyr/arch/arch/arm/core/aarch32/libarch__arm__core__aarch32.a(prep_c.c.obj)
                              (--whole-archive)
zephyr/arch/arch/arm/core/aarch32/libarch__arm__core__aarch32.a(swap.c.obj)
                              (--whole-archive)
zephyr/arch/arch/arm/core/aarch32/libarch__arm__core__aarch32.a(swap_helper.S.obj)
                              (--whole-archive)
zephyr/arch/arch/arm/core/aarch32/libarch__arm__core__aarch32.a(thread.c.obj)
                              (--whole-archive)
zephyr/arch/arch/arm/core/aarch32/libarch__arm__core__aarch32.a(isr_wrapper.S.obj)
                              (--whole-archive)
zephyr/arch/arch/arm/core/aarch32/cortex_m/libarch__arm__core__aarch32__cortex_m.a(exc_exit.S.obj)
                              (--whole-archive)
zephyr/arch/arch/arm/core/aarch32/cortex_m/libarch__arm__core__aarch32__cortex_m.a(fault.c.obj)
                              (--whole-archive)
zephyr/arch/arch/arm/core/aarch32/cortex_m/libarch__arm__core__aarch32__cortex_m.a(fault_s.S.obj)
                              (--whole-archive)
zephyr/arch/arch/arm/core/aarch32/cortex_m/libarch__arm__core__aarch32__cortex_m.a(fpu.c.obj)
                              (--whole-archive)
zephyr/arch/arch/arm/core/aarch32/cortex_m/libarch__arm__core__aarch32__cortex_m.a(irq_init.c.obj)
                              (--whole-archive)
zephyr/arch/arch/arm/core/aarch32/cortex_m/libarch__arm__core__aarch32__cortex_m.a(reset.S.obj)
                              (--whole-archive)
zephyr/arch/arch/arm/core/aarch32/cortex_m/libarch__arm__core__aarch32__cortex_m.a(scb.c.obj)
                              (--whole-archive)
zephyr/arch/arch/arm/core/aarch32/cortex_m/libarch__arm__core__aarch32__cortex_m.a(thread_abort.c.obj)
                              (--whole-archive)
[...]
Memory Configuration

Name             Origin             Length             Attributes
FLASH            0x0000000008000000 0x0000000000010000 xr
RAM              0x0000000020000000 0x0000000000005000 xw
IDT_LIST         0x00000000fffff7ff 0x0000000000000800 xw
*default*        0x0000000000000000 0xffffffffffffffff

Linker script and memory map

LOAD zephyr/CMakeFiles/zephyr_pre0.dir/misc/empty_file.c.obj
LOAD zephyr/CMakeFiles/offsets.dir/./arch/arm/core/offsets/offsets.c.obj
LOAD app/libapp.a
LOAD zephyr/libzephyr.a
LOAD zephyr/arch/common/libarch__common.a
LOAD zephyr/arch/arch/arm/core/aarch32/libarch__arm__core__aarch32.a
LOAD zephyr/arch/arch/arm/core/aarch32/cortex_m/libarch__arm__core__aarch32__cortex_m.a
LOAD zephyr/lib/libc/minimal/liblib__libc__minimal.a
LOAD zephyr/lib/libc/common/liblib__libc__common.a
LOAD zephyr/drivers/interrupt_controller/libdrivers__interrupt_controller.a
LOAD zephyr/drivers/clock_control/libdrivers__clock_control.a
LOAD zephyr/drivers/console/libdrivers__console.a
LOAD zephyr/drivers/gpio/libdrivers__gpio.a
LOAD zephyr/drivers/pinctrl/libdrivers__pinctrl.a
LOAD zephyr/drivers/reset/libdrivers__reset.a
LOAD zephyr/drivers/serial/libdrivers__serial.a
LOAD zephyr/drivers/timer/libdrivers__timer.a
LOAD modules/stm32/stm32cube/lib..__modules__hal__stm32__stm32cube.a
LOAD modules/segger/libmodules__segger.a
LOAD zephyr/kernel/libkernel.a
LOAD d:/desktop/source/zephyr-sdk-0.16.1/arm-zephyr-eabi/bin/../lib/gcc/arm-zephyr-eabi/12.2.0/thumb/v7-m/nofp\libgcc.a
LOAD zephyr/arch/common/libisr_tables.a
                0x0000000000000004                _region_min_align = 0x4

.rel.plt        0x0000000008000000        0x0
 *(SORT_BY_ALIGNMENT(.rel.plt))
                [!provide]                        PROVIDE (__rel_iplt_start = .)
 *(SORT_BY_ALIGNMENT(.rel.iplt))
 .rel.iplt      0x0000000008000000        0x0 app/libapp.a(main.c.obj)
                [!provide]                        PROVIDE (__rel_iplt_end = .)

.rela.plt       0x0000000000000000        0x0
 *(SORT_BY_ALIGNMENT(.rela.plt))
                [!provide]                        PROVIDE (__rela_iplt_start = .)
 *(SORT_BY_ALIGNMENT(.rela.iplt))
                [!provide]                        PROVIDE (__rela_iplt_end = .)

.rel.dyn
 *(SORT_BY_ALIGNMENT(.rel.*))

.rela.dyn
 *(SORT_BY_ALIGNMENT(.rela.*))

/DISCARD/
 *(SORT_BY_ALIGNMENT(.plt))

/DISCARD/
 *(SORT_BY_ALIGNMENT(.iplt))
                0x0000000008000000                __rom_region_start = 0x8000000

rom_start       0x0000000008000000      0x130
                0x0000000008000000                __rom_start_address = .
                0x0000000008000000                . = (. + (0x0 - (. - __rom_start_address)))
                0x0000000008000000                . = ALIGN (0x4)
                0x0000000008000000                . = ALIGN (0x80)
                0x0000000008000000                . = ALIGN (0x200)
                0x0000000008000000                _vector_start = .
 *(SORT_BY_ALIGNMENT(.exc_vector_table))
 *(SORT_BY_ALIGNMENT(.exc_vector_table.*))
 .exc_vector_table._vector_table_section
                0x0000000008000000       0x40 zephyr/arch/arch/arm/core/aarch32/cortex_m/libarch__arm__core__aarch32__cortex_m.a(vector_table.S.obj)
                0x0000000008000000                _vector_table
 *(SORT_BY_ALIGNMENT(.vectors))
                0x0000000008000130                _vector_end = .
                0x0000000008000040                . = ALIGN (0x4)
 *(SORT_BY_ALIGNMENT(.gnu.linkonce.irq_vector_table*))
 .gnu.linkonce.irq_vector_table
                0x0000000008000040       0xf0 zephyr/arch/common/libisr_tables.a(isr_tables.c.obj)
                0x0000000008000040                _irq_vector_table
                0x0000000008000130                _vector_end = .

text            0x0000000008000130     0x59d8
                0x0000000008000130                __text_region_start = .
 *(SORT_BY_ALIGNMENT(.text))
 .text          0x0000000008000130       0x30 d:/desktop/source/zephyr-sdk-0.16.1/arm-zephyr-eabi/bin/../lib/gcc/arm-zephyr-eabi/12.2.0/thumb/v7-m/nofp\libgcc.a(_aeabi_uldivmod.o)
                0x0000000008000130                __aeabi_uldivmod
 .text          0x0000000008000160        0x4 d:/desktop/source/zephyr-sdk-0.16.1/arm-zephyr-eabi/bin/../lib/gcc/arm-zephyr-eabi/12.2.0/thumb/v7-m/nofp\libgcc.a(_dvmd_tls.o)
                0x0000000008000160                __aeabi_idiv0
                0x0000000008000160                __aeabi_ldiv0
 .text          0x0000000008000164      0x2a0 d:/desktop/source/zephyr-sdk-0.16.1/arm-zephyr-eabi/bin/../lib/gcc/arm-zephyr-eabi/12.2.0/thumb/v7-m/nofp\libgcc.a(_udivmoddi4.o)
                0x0000000008000164                __udivmoddi4
 *(SORT_BY_ALIGNMENT(.text.*))
 .text.uart_isr_cb
                0x0000000008000404      0x180 app/libapp.a(main.c.obj)
 .text.main     0x0000000008000584       0xec app/libapp.a(main.c.obj)
                0x0000000008000584                main
 .text.cbvprintf_package
                0x0000000008000670      0x3a4 zephyr/libzephyr.a(cbprintf_packaged.c.obj)
                0x0000000008000670                cbvprintf_package
 .text.cbprintf_package_convert
                0x0000000008000a14      0x3bc zephyr/libzephyr.a(cbprintf_packaged.c.obj)
                0x0000000008000a14                cbprintf_package_convert
 .text.__printk_hook_install
                0x0000000008000dd0        0xc zephyr/libzephyr.a(printk.c.obj)
                0x0000000008000dd0                __printk_hook_install
 .text.vsnprintk
                0x0000000008000ddc       0x2c zephyr/libzephyr.a(printk.c.obj)
                0x0000000008000ddc                vsnprintk
 .text.z_cbvprintf_impl
                0x0000000008000e08      0x764 zephyr/libzephyr.a(cbprintf_complete.c.obj)
                0x0000000008000e08                z_cbvprintf_impl
 .text.stm32f1_init
                0x000000000800156c       0x14 zephyr/libzephyr.a(soc.c.obj)
 .text.st_stm32_common_config
                0x0000000008001580       0x30 zephyr/libzephyr.a(soc_config.c.obj)
 .text.activate_foreach_backend
                0x00000000080015b0       0x64 zephyr/libzephyr.a(log_core.c.obj)
 .text.enable_logger
                0x0000000008001614       0x5c zephyr/libzephyr.a(log_core.c.obj)
 .text.log_process_thread_timer_expiry_fn
                0x0000000008001670        0xc zephyr/libzephyr.a(log_core.c.obj)
 .text.z_log_init
                0x000000000800167c       0x8c zephyr/libzephyr.a(log_core.c.obj)
 .text.log_format_func_t_get
                0x0000000008001708        0xc zephyr/libzephyr.a(log_core.c.obj)
                0x0000000008001708                log_format_func_t_get
 .text.log_set_timestamp_func
                0x0000000008001714       0x20 zephyr/libzephyr.a(log_core.c.obj)
                0x0000000008001714                log_set_timestamp_func
 .text.z_log_notify_backend_enabled
                0x0000000008001734       0x1c zephyr/libzephyr.a(log_core.c.obj)
                0x0000000008001734                z_log_notify_backend_enabled
 .text.z_log_dropped
                0x0000000008001750       0x30 zephyr/libzephyr.a(log_core.c.obj)
                0x0000000008001750                z_log_dropped
 .text.z_log_dropped_read_and_clear
                0x0000000008001780       0x20 zephyr/libzephyr.a(log_core.c.obj)
                0x0000000008001780                z_log_dropped_read_and_clear
 .text.dropped_notify
                0x00000000080017a0       0x30 zephyr/libzephyr.a(log_core.c.obj)
                0x00000000080017a0                dropped_notify
 .text.z_log_msg_init
                0x00000000080017d0       0x20 zephyr/libzephyr.a(log_core.c.obj)
                0x00000000080017d0                z_log_msg_init
 .text.log_core_init
                0x00000000080017f0       0x34 zephyr/libzephyr.a(log_core.c.obj)
                0x00000000080017f0                log_core_init
 .text.z_log_msg_alloc
                0x0000000008001824       0x10 zephyr/libzephyr.a(log_core.c.obj)
                0x0000000008001824                z_log_msg_alloc
 .text.z_log_msg_local_claim
                0x0000000008001834        0xc zephyr/libzephyr.a(log_core.c.obj)
                0x0000000008001834                z_log_msg_local_claim
 .text.z_log_msg_free
                0x0000000008001840       0x10 zephyr/libzephyr.a(log_core.c.obj)
                0x0000000008001840                z_log_msg_free
 .text.z_log_msg_pending
                0x0000000008001850        0xc zephyr/libzephyr.a(log_core.c.obj)
                0x0000000008001850                z_log_msg_pending
 .text.z_impl_log_process
                0x000000000800185c       0xb0 zephyr/libzephyr.a(log_core.c.obj)
                0x000000000800185c                z_impl_log_process
 .text.z_impl_log_panic
                0x000000000800190c       0x44 zephyr/libzephyr.a(log_core.c.obj)
                0x000000000800190c                z_impl_log_panic
 .text.log_process_thread_func
                0x0000000008001950       0x9c zephyr/libzephyr.a(log_core.c.obj)
 .text.z_log_msg_post_finalize
                0x00000000080019ec       0x78 zephyr/libzephyr.a(log_core.c.obj)
 .text.z_log_msg_commit
                0x0000000008001a64       0x24 zephyr/libzephyr.a(log_core.c.obj)
                0x0000000008001a64                z_log_msg_commit
 .text.log_source_name_get
                0x0000000008001a88       0x1c zephyr/libzephyr.a(log_mgmt.c.obj)
                0x0000000008001a88                log_source_name_get
 .text.log_backend_enable
                0x0000000008001aa4       0x28 zephyr/libzephyr.a(log_mgmt.c.obj)
                0x0000000008001aa4                log_backend_enable
 .text.z_impl_z_log_msg_static_create
                0x0000000008001acc      0x108 zephyr/libzephyr.a(log_msg.c.obj)
                0x0000000008001acc                z_impl_z_log_msg_static_create
 .text.z_impl_z_log_msg_runtime_vcreate
                0x0000000008001bd4       0x8c zephyr/libzephyr.a(log_msg.c.obj)
                0x0000000008001bd4                z_impl_z_log_msg_runtime_vcreate
 .text.print_formatted
                0x0000000008001c60       0x24 zephyr/libzephyr.a(log_output.c.obj)
 .text.newline_print
                0x0000000008001c84       0x1c zephyr/libzephyr.a(log_output.c.obj)
 .text.log_output_process
                0x0000000008001ca0      0x2a4 zephyr/libzephyr.a(log_output.c.obj)
                0x0000000008001ca0                log_output_process
 .text.log_output_msg_process
                0x0000000008001f44       0x6c zephyr/libzephyr.a(log_output.c.obj)
                0x0000000008001f44                log_output_msg_process
 .text.log_output_dropped_process
                0x0000000008001fb0       0x58 zephyr/libzephyr.a(log_output.c.obj)
                0x0000000008001fb0                log_output_dropped_process
 .text.log_output_timestamp_freq_set
                0x0000000008002008       0x2c zephyr/libzephyr.a(log_output.c.obj)
                0x0000000008002008                log_output_timestamp_freq_set
 .text.log_backend_rtt_init
                0x0000000008002034        0xc zephyr/libzephyr.a(log_backend_rtt.c.obj)
 .text.format_set
                0x0000000008002040        0xc zephyr/libzephyr.a(log_backend_rtt.c.obj)
 .text.panic    0x000000000800204c       0x14 zephyr/libzephyr.a(log_backend_rtt.c.obj)
 .text.dropped  0x0000000008002060        0xc zephyr/libzephyr.a(log_backend_rtt.c.obj)
 .text.process  0x000000000800206c       0x24 zephyr/libzephyr.a(log_backend_rtt.c.obj)
 .text.on_failed_write
                0x0000000008002090       0x28 zephyr/libzephyr.a(log_backend_rtt.c.obj)
 .text.data_out_block_mode
                0x00000000080020b8       0x84 zephyr/libzephyr.a(log_backend_rtt.c.obj)
 .text.z_arm_cpu_idle_init
                0x000000000800213c        0xc zephyr/arch/arch/arm/core/aarch32/libarch__arm__core__aarch32.a(cpu_idle.S.obj)
                0x000000000800213c                z_arm_cpu_idle_init
 .text.arch_cpu_idle
                0x0000000008002148       0x1c zephyr/arch/arch/arm/core/aarch32/libarch__arm__core__aarch32.a(cpu_idle.S.obj)
                0x0000000008002148                arch_cpu_idle
 .text.z_arm_fatal_error
                0x0000000008002164       0xc8 zephyr/arch/arch/arm/core/aarch32/libarch__arm__core__aarch32.a(fatal.c.obj)
                0x0000000008002164                z_arm_fatal_error
 .text.arch_irq_enable
                0x000000000800222c       0x1c zephyr/arch/arch/arm/core/aarch32/libarch__arm__core__aarch32.a(irq_manage.c.obj)
                0x000000000800222c                arch_irq_enable
 .text.z_arm_irq_priority_set
                0x0000000008002248       0x2c zephyr/arch/arch/arm/core/aarch32/libarch__arm__core__aarch32.a(irq_manage.c.obj)
                0x0000000008002248                z_arm_irq_priority_set
 .text.z_SysNmiOnReset
                0x0000000008002274        0x8 zephyr/arch/arch/arm/core/aarch32/libarch__arm__core__aarch32.a(nmi_on_reset.S.obj)
                0x0000000008002274                z_SysNmiOnReset
 .text.z_arm_prep_c
                0x000000000800227c       0x30 zephyr/arch/arch/arm/core/aarch32/libarch__arm__core__aarch32.a(prep_c.c.obj)
                0x000000000800227c                z_arm_prep_c
 .text.arch_swap
                0x00000000080022ac       0x34 zephyr/arch/arch/arm/core/aarch32/libarch__arm__core__aarch32.a(swap.c.obj)
                0x00000000080022ac                arch_swap
 .text.z_arm_pendsv
                0x00000000080022e0       0x48 zephyr/arch/arch/arm/core/aarch32/libarch__arm__core__aarch32.a(swap_helper.S.obj)
                0x00000000080022e0                z_arm_pendsv
 .text.z_arm_svc
                0x0000000008002328       0x20 zephyr/arch/arch/arm/core/aarch32/libarch__arm__core__aarch32.a(swap_helper.S.obj)
                0x0000000008002328                z_arm_svc
 .text.arch_new_thread
                0x0000000008002348       0x38 zephyr/arch/arch/arm/core/aarch32/libarch__arm__core__aarch32.a(thread.c.obj)
                0x0000000008002348                arch_new_thread
 .text.arch_switch_to_main_thread
                0x0000000008002380       0x24 zephyr/arch/arch/arm/core/aarch32/libarch__arm__core__aarch32.a(thread.c.obj)
                0x0000000008002380                arch_switch_to_main_thread
 .text._isr_wrapper
                0x00000000080023a4       0x28 zephyr/arch/arch/arm/core/aarch32/libarch__arm__core__aarch32.a(isr_wrapper.S.obj)
                0x00000000080023a4                _isr_wrapper
 .text._HandlerModeExit
                0x00000000080023cc       0x1c zephyr/arch/arch/arm/core/aarch32/cortex_m/libarch__arm__core__aarch32__cortex_m.a(exc_exit.S.obj)
                0x00000000080023cc                z_arm_int_exit
                0x00000000080023cc                z_arm_exc_exit
 .text.mem_manage_fault.constprop.0
                0x00000000080023e8      0x114 zephyr/arch/arch/arm/core/aarch32/cortex_m/libarch__arm__core__aarch32__cortex_m.a(fault.c.obj)
 .text.bus_fault.constprop.0
                0x00000000080024fc      0x130 zephyr/arch/arch/arm/core/aarch32/cortex_m/libarch__arm__core__aarch32__cortex_m.a(fault.c.obj)
 .text.usage_fault.constprop.0
                0x000000000800262c      0x104 zephyr/arch/arch/arm/core/aarch32/cortex_m/libarch__arm__core__aarch32__cortex_m.a(fault.c.obj)
 .text.z_arm_fault
                0x0000000008002730      0x214 zephyr/arch/arch/arm/core/aarch32/cortex_m/libarch__arm__core__aarch32__cortex_m.a(fault.c.obj)
                0x0000000008002730                z_arm_fault
 .text.z_arm_fault_init
                0x0000000008002944       0x10 zephyr/arch/arch/arm/core/aarch32/cortex_m/libarch__arm__core__aarch32__cortex_m.a(fault.c.obj)
                0x0000000008002944                z_arm_fault_init
 .text.__fault  0x0000000008002954       0x14 zephyr/arch/arch/arm/core/aarch32/cortex_m/libarch__arm__core__aarch32__cortex_m.a(fault_s.S.obj)
                0x0000000008002954                z_arm_usage_fault
                0x0000000008002954                z_arm_mpu_fault
                0x0000000008002954                z_arm_exc_spurious
                0x0000000008002954                z_arm_debug_monitor
                0x0000000008002954                z_arm_hard_fault
                0x0000000008002954                z_arm_bus_fault
 .text.z_arm_interrupt_init
                0x0000000008002968       0x18 zephyr/arch/arch/arm/core/aarch32/cortex_m/libarch__arm__core__aarch32__cortex_m.a(irq_init.c.obj)
                0x0000000008002968                z_arm_interrupt_init
 .text._reset_section
                0x0000000008002980       0x2c zephyr/arch/arch/arm/core/aarch32/cortex_m/libarch__arm__core__aarch32__cortex_m.a(reset.S.obj)
                0x0000000008002980                __start
                0x0000000008002980                z_arm_reset
 .text.z_impl_k_thread_abort
                0x00000000080029ac       0x2c zephyr/arch/arch/arm/core/aarch32/cortex_m/libarch__arm__core__aarch32__cortex_m.a(thread_abort.c.obj)
                0x00000000080029ac                z_impl_k_thread_abort
 .text.__stdout_hook_install
                0x00000000080029d8        0xc zephyr/lib/libc/minimal/liblib__libc__minimal.a(stdout_console.c.obj)
                0x00000000080029d8                __stdout_hook_install
 .text.stm32_exti_isr
                0x00000000080029e4       0x4c zephyr/drivers/interrupt_controller/libdrivers__interrupt_controller.a(intc_exti_stm32.c.obj)
 .text.stm32_fill_irq_table
                0x0000000008002a30       0x18 zephyr/drivers/interrupt_controller/libdrivers__interrupt_controller.a(intc_exti_stm32.c.obj)
 .text.stm32_exti_enable
                0x0000000008002a48       0x24 zephyr/drivers/interrupt_controller/libdrivers__interrupt_controller.a(intc_exti_stm32.c.obj)
                0x0000000008002a48                stm32_exti_enable
 .text.stm32_exti_disable
                0x0000000008002a6c       0x18 zephyr/drivers/interrupt_controller/libdrivers__interrupt_controller.a(intc_exti_stm32.c.obj)
                0x0000000008002a6c                stm32_exti_disable
 .text.stm32_exti_trigger
                0x0000000008002a84       0x60 zephyr/drivers/interrupt_controller/libdrivers__interrupt_controller.a(intc_exti_stm32.c.obj)
                0x0000000008002a84                stm32_exti_trigger
 .text.stm32_exti_set_callback
                0x0000000008002ae4       0x30 zephyr/drivers/interrupt_controller/libdrivers__interrupt_controller.a(intc_exti_stm32.c.obj)
                0x0000000008002ae4                stm32_exti_set_callback
 .text.stm32_exti_unset_callback
                0x0000000008002b14       0x14 zephyr/drivers/interrupt_controller/libdrivers__interrupt_controller.a(intc_exti_stm32.c.obj)
                0x0000000008002b14                stm32_exti_unset_callback
 .text.stm32_clock_control_get_subsys_rate
                0x0000000008002b28       0x44 zephyr/drivers/clock_control/libdrivers__clock_control.a(clock_stm32_ll_common.c.obj)
 .text.stm32_clock_control_init
                0x0000000008002b6c       0xe8 zephyr/drivers/clock_control/libdrivers__clock_control.a(clock_stm32_ll_common.c.obj)
                0x0000000008002b6c                stm32_clock_control_init
 .text.config_pll_sysclock
                0x0000000008002c54       0x1c zephyr/drivers/clock_control/libdrivers__clock_control.a(clock_stm32f1.c.obj)
                0x0000000008002c54                config_pll_sysclock
 .text.rtt_console_init
                0x0000000008002c70       0x18 zephyr/drivers/console/libdrivers__console.a(rtt_console.c.obj)
 .text.rtt_console_out
                0x0000000008002c88       0x54 zephyr/drivers/console/libdrivers__console.a(rtt_console.c.obj)
 .text.gpio_stm32_init
                0x0000000008002cdc       0x30 zephyr/drivers/gpio/libdrivers__gpio.a(gpio_stm32.c.obj)
 .text.gpio_stm32_pin_interrupt_configure
                0x0000000008002d0c       0xe0 zephyr/drivers/gpio/libdrivers__gpio.a(gpio_stm32.c.obj)
 .text.pinctrl_configure_pins
                0x0000000008002dec       0xf4 zephyr/drivers/pinctrl/libdrivers__pinctrl.a(pinctrl_stm32.c.obj)
                0x0000000008002dec                pinctrl_configure_pins
 .text.uart_stm32_irq_err_enable
                0x0000000008002ee0       0x4c zephyr/drivers/serial/libdrivers__serial.a(uart_stm32.c.obj)
 .text.uart_stm32_irq_err_disable
                0x0000000008002f2c       0x4c zephyr/drivers/serial/libdrivers__serial.a(uart_stm32.c.obj)
 .text.uart_stm32_set_baudrate.part.0
                0x0000000008002f78       0x28 zephyr/drivers/serial/libdrivers__serial.a(uart_stm32.c.obj)
 .text.uart_stm32_configure
                0x0000000008002fa0      0x15c zephyr/drivers/serial/libdrivers__serial.a(uart_stm32.c.obj)
 .text.uart_stm32_init
                0x00000000080030fc      0x160 zephyr/drivers/serial/libdrivers__serial.a(uart_stm32.c.obj)
 .text.elapsed  0x000000000800325c       0x3c zephyr/drivers/timer/libdrivers__timer.a(cortex_m_systick.c.obj)
 .text.sys_clock_driver_init
                0x0000000008003298       0x34 zephyr/drivers/timer/libdrivers__timer.a(cortex_m_systick.c.obj)
 .text.sys_clock_isr
                0x00000000080032cc       0x54 zephyr/drivers/timer/libdrivers__timer.a(cortex_m_systick.c.obj)
                0x00000000080032cc                sys_clock_isr
 .text.sys_clock_set_timeout
                0x0000000008003320       0xf4 zephyr/drivers/timer/libdrivers__timer.a(cortex_m_systick.c.obj)
                0x0000000008003320                sys_clock_set_timeout
 .text.sys_clock_elapsed
                0x0000000008003414       0x3c zephyr/drivers/timer/libdrivers__timer.a(cortex_m_systick.c.obj)
                0x0000000008003414                sys_clock_elapsed
 .text.sys_clock_cycle_get_32
                0x0000000008003450       0x2c zephyr/drivers/timer/libdrivers__timer.a(cortex_m_systick.c.obj)
                0x0000000008003450                sys_clock_cycle_get_32
 .text.HAL_RCC_GetSysClockFreq
                0x000000000800347c       0x74 modules/stm32/stm32cube/lib..__modules__hal__stm32__stm32cube.a(stm32f1xx_hal_rcc.c.obj)
                0x000000000800347c                HAL_RCC_GetSysClockFreq
 .text.LL_SetFlashLatency
                0x00000000080034f0       0x4c modules/stm32/stm32cube/lib..__modules__hal__stm32__stm32cube.a(stm32f1xx_ll_utils.c.obj)
                0x00000000080034f0                LL_SetFlashLatency
 .text._DoInit  0x000000000800353c       0x60 modules/segger/libmodules__segger.a(SEGGER_RTT.c.obj)
 .text.SEGGER_RTT_WriteSkipNoLock
                0x000000000800359c       0x88 modules/segger/libmodules__segger.a(SEGGER_RTT.c.obj)
                0x000000000800359c                SEGGER_RTT_WriteSkipNoLock
 .text.SEGGER_RTT_WriteNoLock
                0x0000000008003624       0x58 modules/segger/libmodules__segger.a(SEGGER_RTT.c.obj)
                0x0000000008003624                SEGGER_RTT_WriteNoLock
 .text.SEGGER_RTT_HasDataUp
                0x000000000800367c       0x14 modules/segger/libmodules__segger.a(SEGGER_RTT.c.obj)
                0x000000000800367c                SEGGER_RTT_HasDataUp
 .text.zephyr_rtt_mutex_lock
                0x0000000008003690       0x14 modules/segger/libmodules__segger.a(SEGGER_RTT_zephyr.c.obj)
                0x0000000008003690                zephyr_rtt_mutex_lock
 .text.zephyr_rtt_mutex_unlock
                0x00000000080036a4        0xc modules/segger/libmodules__segger.a(SEGGER_RTT_zephyr.c.obj)
                0x00000000080036a4                zephyr_rtt_mutex_unlock
 .text.z_impl_k_busy_wait
                0x00000000080036b0       0x30 zephyr/kernel/libkernel.a(busy_wait.c.obj)
                0x00000000080036b0                z_impl_k_busy_wait
 .text.k_sys_fatal_error_handler
                0x00000000080036e0       0x30 zephyr/kernel/libkernel.a(fatal.c.obj)
                0x00000000080036e0                k_sys_fatal_error_handler
 .text.z_fatal_error
                0x0000000008003710       0xfc zephyr/kernel/libkernel.a(fatal.c.obj)
                0x0000000008003710                z_fatal_error
 .text.z_sys_init_run_level
                0x000000000800380c       0x48 zephyr/kernel/libkernel.a(init.c.obj)
 .text.bg_thread_main
                0x0000000008003854       0x34 zephyr/kernel/libkernel.a(init.c.obj)
 .text.z_bss_zero
                0x0000000008003888       0x18 zephyr/kernel/libkernel.a(init.c.obj)
                0x0000000008003888                z_bss_zero
 .text.z_init_cpu
                0x00000000080038a0       0x84 zephyr/kernel/libkernel.a(init.c.obj)
                0x00000000080038a0                z_init_cpu
 .text.z_cstart
                0x0000000008003924       0xd0 zephyr/kernel/libkernel.a(init.c.obj)
                0x0000000008003924                z_cstart
 .text.z_setup_new_thread
                0x00000000080039f4       0x54 zephyr/kernel/libkernel.a(thread.c.obj)
                0x00000000080039f4                z_setup_new_thread
 .text.z_impl_k_thread_create
                0x0000000008003a48       0x58 zephyr/kernel/libkernel.a(thread.c.obj)
                0x0000000008003a48                z_impl_k_thread_create
 .text.z_init_static_threads
                0x0000000008003aa0       0x98 zephyr/kernel/libkernel.a(thread.c.obj)
                0x0000000008003aa0                z_init_static_threads
 .text.z_impl_k_mutex_lock
                0x0000000008003b38       0xf4 zephyr/kernel/libkernel.a(mutex.c.obj)
                0x0000000008003b38                z_impl_k_mutex_lock
 .text.z_impl_k_mutex_unlock
                0x0000000008003c2c       0x78 zephyr/kernel/libkernel.a(mutex.c.obj)
                0x0000000008003c2c                z_impl_k_mutex_unlock
 .text.z_impl_k_sem_give
                0x0000000008003ca4       0x48 zephyr/kernel/libkernel.a(sem.c.obj)
                0x0000000008003ca4                z_impl_k_sem_give
 .text.z_impl_k_sem_take
                0x0000000008003cec       0x50 zephyr/kernel/libkernel.a(sem.c.obj)
                0x0000000008003cec                z_impl_k_sem_take
 .text.sliceable
                0x0000000008003d3c       0x3c zephyr/kernel/libkernel.a(sched.c.obj)
 .text.slice_timeout
                0x0000000008003d78       0x20 zephyr/kernel/libkernel.a(sched.c.obj)
 .text.z_reset_time_slice
                0x0000000008003d98       0x50 zephyr/kernel/libkernel.a(sched.c.obj)
                0x0000000008003d98                z_reset_time_slice
 .text.update_cache
                0x0000000008003de8       0x3c zephyr/kernel/libkernel.a(sched.c.obj)
 .text.move_thread_to_end_of_prio_q
                0x0000000008003e24       0x74 zephyr/kernel/libkernel.a(sched.c.obj)
 .text.ready_thread
                0x0000000008003e98       0x68 zephyr/kernel/libkernel.a(sched.c.obj)
 .text.unready_thread
                0x0000000008003f00       0x30 zephyr/kernel/libkernel.a(sched.c.obj)
 .text.pend_locked
                0x0000000008003f30       0x30 zephyr/kernel/libkernel.a(sched.c.obj)
 .text.z_time_slice
                0x0000000008003f60       0x60 zephyr/kernel/libkernel.a(sched.c.obj)
                0x0000000008003f60                z_time_slice
 .text.z_pend_curr
                0x0000000008003fc0       0x3c zephyr/kernel/libkernel.a(sched.c.obj)
                0x0000000008003fc0                z_pend_curr
 .text.z_set_prio
                0x0000000008003ffc       0x8c zephyr/kernel/libkernel.a(sched.c.obj)
                0x0000000008003ffc                z_set_prio
 .text.z_reschedule
                0x0000000008004088       0x24 zephyr/kernel/libkernel.a(sched.c.obj)
                0x0000000008004088                z_reschedule
 .text.z_sched_start
                0x00000000080040ac       0x3c zephyr/kernel/libkernel.a(sched.c.obj)
                0x00000000080040ac                z_sched_start
 .text.z_impl_k_thread_suspend
                0x00000000080040e8       0x64 zephyr/kernel/libkernel.a(sched.c.obj)
                0x00000000080040e8                z_impl_k_thread_suspend
 .text.k_sched_lock
                0x000000000800414c       0x28 zephyr/kernel/libkernel.a(sched.c.obj)
                0x000000000800414c                k_sched_lock
 .text.k_sched_unlock
                0x0000000008004174       0x38 zephyr/kernel/libkernel.a(sched.c.obj)
                0x0000000008004174                k_sched_unlock
 .text.z_sched_init
                0x00000000080041ac       0x10 zephyr/kernel/libkernel.a(sched.c.obj)
                0x00000000080041ac                z_sched_init
 .text.z_impl_k_yield
                0x00000000080041bc       0x7c zephyr/kernel/libkernel.a(sched.c.obj)
                0x00000000080041bc                z_impl_k_yield
 .text.z_tick_sleep
                0x0000000008004238       0x88 zephyr/kernel/libkernel.a(sched.c.obj)
 .text.z_impl_k_sleep
                0x00000000080042c0       0x30 zephyr/kernel/libkernel.a(sched.c.obj)
                0x00000000080042c0                z_impl_k_sleep
 .text.z_impl_z_current_get
                0x00000000080042f0        0xc zephyr/kernel/libkernel.a(sched.c.obj)
                0x00000000080042f0                z_impl_z_current_get
 .text.z_thread_abort
                0x00000000080042fc       0xc0 zephyr/kernel/libkernel.a(sched.c.obj)
                0x00000000080042fc                z_thread_abort
 .text.z_data_copy
                0x00000000080043bc       0x34 zephyr/kernel/libkernel.a(xip.c.obj)
                0x00000000080043bc                z_data_copy
 .text.elapsed  0x00000000080043f0       0x14 zephyr/kernel/libkernel.a(timeout.c.obj)
 .text.next_timeout
                0x0000000008004404       0x40 zephyr/kernel/libkernel.a(timeout.c.obj)
 .text.remove_timeout
                0x0000000008004444       0x38 zephyr/kernel/libkernel.a(timeout.c.obj)
 .text.z_add_timeout
                0x000000000800447c       0xec zephyr/kernel/libkernel.a(timeout.c.obj)
                0x000000000800447c                z_add_timeout
 .text.sys_clock_announce
                0x0000000008004568       0xd4 zephyr/kernel/libkernel.a(timeout.c.obj)
                0x0000000008004568                sys_clock_announce
 .text.sys_clock_tick_get
                0x000000000800463c       0x34 zephyr/kernel/libkernel.a(timeout.c.obj)
                0x000000000800463c                sys_clock_tick_get
 .text.z_timer_expiration_handler
                0x0000000008004670       0xe4 zephyr/kernel/libkernel.a(timer.c.obj)
                0x0000000008004670                z_timer_expiration_handler
 .text.z_impl_k_timer_start
                0x0000000008004754       0x60 zephyr/kernel/libkernel.a(timer.c.obj)
                0x0000000008004754                z_impl_k_timer_start
 .text.boot_banner
                0x00000000080047b4        0xc zephyr/kernel/libkernel.a(banner.c.obj)
                0x00000000080047b4                boot_banner
 .text._OffsetAbsSyms
                0x00000000080047c0        0x2 zephyr/CMakeFiles/offsets.dir/./arch/arm/core/offsets/offsets.c.obj
                0x00000000080047c0                _OffsetAbsSyms
 .text.cbpprintf_external
                0x00000000080047c2       0x62 zephyr/libzephyr.a(cbprintf_packaged.c.obj)
                0x00000000080047c2                cbpprintf_external
 .text.is_ptr   0x0000000008004824       0x4a zephyr/libzephyr.a(cbprintf_packaged.c.obj)
                0x0000000008004824                is_ptr
 .text.arch_printk_char_out
                0x000000000800486e        0x4 zephyr/libzephyr.a(printk.c.obj)
                0x000000000800486e                arch_printk_char_out
 .text.str_out  0x0000000008004872       0x26 zephyr/libzephyr.a(printk.c.obj)
 .text.printk   0x0000000008004898       0x1a zephyr/libzephyr.a(printk.c.obj)
                0x0000000008004898                printk
 .text.snprintk
                0x00000000080048b2       0x1a zephyr/libzephyr.a(printk.c.obj)
                0x00000000080048b2                snprintk
 .text.z_thread_entry
                0x00000000080048cc       0x14 zephyr/libzephyr.a(thread_entry.c.obj)
                0x00000000080048cc                z_thread_entry
 .text.encode_uint
                0x00000000080048e0       0x8c zephyr/libzephyr.a(cbprintf_complete.c.obj)
 .text.outs     0x000000000800496c       0x2e zephyr/libzephyr.a(cbprintf_complete.c.obj)
 .text.free_space
                0x000000000800499a       0x26 zephyr/libzephyr.a(mpsc_pbuf.c.obj)
 .text.get_usage
                0x00000000080049c0       0x22 zephyr/libzephyr.a(mpsc_pbuf.c.obj)
 .text.idx_inc  0x00000000080049e2       0x1c zephyr/libzephyr.a(mpsc_pbuf.c.obj)
 .text.rd_idx_inc
                0x00000000080049fe       0x18 zephyr/libzephyr.a(mpsc_pbuf.c.obj)
 .text.add_skip_item
                0x0000000008004a16       0x3e zephyr/libzephyr.a(mpsc_pbuf.c.obj)
 .text.drop_item_locked
                0x0000000008004a54       0xee zephyr/libzephyr.a(mpsc_pbuf.c.obj)
 .text.post_drop_action
                0x0000000008004b42       0x36 zephyr/libzephyr.a(mpsc_pbuf.c.obj)
 .text.max_utilization_update
                0x0000000008004b78       0x1a zephyr/libzephyr.a(mpsc_pbuf.c.obj)
 .text.mpsc_pbuf_init
                0x0000000008004b92       0x42 zephyr/libzephyr.a(mpsc_pbuf.c.obj)
                0x0000000008004b92                mpsc_pbuf_init
 .text.mpsc_pbuf_alloc
                0x0000000008004bd4       0xfc zephyr/libzephyr.a(mpsc_pbuf.c.obj)
                0x0000000008004bd4                mpsc_pbuf_alloc
 .text.mpsc_pbuf_commit
                0x0000000008004cd0       0x40 zephyr/libzephyr.a(mpsc_pbuf.c.obj)
                0x0000000008004cd0                mpsc_pbuf_commit
 .text.mpsc_pbuf_claim
                0x0000000008004d10       0xa4 zephyr/libzephyr.a(mpsc_pbuf.c.obj)
                0x0000000008004d10                mpsc_pbuf_claim
 .text.mpsc_pbuf_free
                0x0000000008004db4       0x78 zephyr/libzephyr.a(mpsc_pbuf.c.obj)
                0x0000000008004db4                mpsc_pbuf_free
 .text.mpsc_pbuf_is_pending
                0x0000000008004e2c       0x1a zephyr/libzephyr.a(mpsc_pbuf.c.obj)
                0x0000000008004e2c                mpsc_pbuf_is_pending
 .text._ConfigAbsSyms
                0x0000000008004e46        0x2 zephyr/libzephyr.a(configs.c.obj)
                0x0000000008004e46                _ConfigAbsSyms
 .text.log_msg_generic_get_wlen
                0x0000000008004e48       0x20 zephyr/libzephyr.a(log_core.c.obj)
 .text.dummy_timestamp
                0x0000000008004e68        0x4 zephyr/libzephyr.a(log_core.c.obj)
 .text.atomic_inc
                0x0000000008004e6c       0x1a zephyr/libzephyr.a(log_core.c.obj)
 .text.default_lf_get_timestamp
                0x0000000008004e86       0x10 zephyr/libzephyr.a(log_core.c.obj)
 .text.z_log_vprintk
                0x0000000008004e96       0x1c zephyr/libzephyr.a(log_core.c.obj)
                0x0000000008004e96                z_log_vprintk
 .text.z_log_notify_drop
                0x0000000008004eb2        0x6 zephyr/libzephyr.a(log_core.c.obj)
 .text.z_log_get_tag
                0x0000000008004eb8        0x4 zephyr/libzephyr.a(log_core.c.obj)
                0x0000000008004eb8                z_log_get_tag
 .text.z_cbprintf_cpy
                0x0000000008004ebc       0x2c zephyr/libzephyr.a(log_msg.c.obj)
 .text.z_log_msg_finalize
                0x0000000008004ee8       0x32 zephyr/libzephyr.a(log_msg.c.obj)
                0x0000000008004ee8                z_log_msg_finalize
 .text.buffer_write
                0x0000000008004f1a       0x1a zephyr/libzephyr.a(log_output.c.obj)
 .text.cbvprintf
                0x0000000008004f34        0xe zephyr/libzephyr.a(log_output.c.obj)
 .text.log_output_flush
                0x0000000008004f42       0x18 zephyr/libzephyr.a(log_output.c.obj)
                0x0000000008004f42                log_output_flush
 .text.out_func
                0x0000000008004f5a       0x36 zephyr/libzephyr.a(log_output.c.obj)
 .text.cr_out_func
                0x0000000008004f90       0x1c zephyr/libzephyr.a(log_output.c.obj)
 .text.z_do_kernel_oops
                0x0000000008004fac        0x8 zephyr/arch/arch/arm/core/aarch32/libarch__arm__core__aarch32.a(fatal.c.obj)
                0x0000000008004fac                z_do_kernel_oops
 .text.z_irq_spurious
                0x0000000008004fb4        0x8 zephyr/arch/arch/arm/core/aarch32/libarch__arm__core__aarch32.a(irq_manage.c.obj)
                0x0000000008004fb4                z_irq_spurious
 .text.z_arm_nmi
                0x0000000008004fbc        0xe zephyr/arch/arch/arm/core/aarch32/libarch__arm__core__aarch32.a(nmi.c.obj)
                0x0000000008004fbc                z_arm_nmi
 .text.z_log_msg_static_create.constprop.0
                0x0000000008004fca        0x6 zephyr/arch/arch/arm/core/aarch32/cortex_m/libarch__arm__core__aarch32__cortex_m.a(fault.c.obj)
 .text.atoi     0x0000000008004fd0       0x46 zephyr/lib/libc/minimal/liblib__libc__minimal.a(atoi.c.obj)
                0x0000000008004fd0                atoi
 .text.strlen   0x0000000008005016        0xe zephyr/lib/libc/minimal/liblib__libc__minimal.a(string.c.obj)
                0x0000000008005016                strlen
 .text.memcpy   0x0000000008005024       0x16 zephyr/lib/libc/minimal/liblib__libc__minimal.a(string.c.obj)
                0x0000000008005024                memcpy
 .text.memset   0x000000000800503a       0x12 zephyr/lib/libc/minimal/liblib__libc__minimal.a(string.c.obj)
                0x000000000800503a                memset
 .text._stdout_hook_default
                0x000000000800504c        0x6 zephyr/lib/libc/minimal/liblib__libc__minimal.a(stdout_console.c.obj)
 .text.strnlen  0x0000000008005052       0x12 zephyr/lib/libc/common/liblib__libc__common.a(strnlen.c.obj)
                0x0000000008005052                strnlen
 .text.stm32_exti_init
                0x0000000008005064       0x92 zephyr/drivers/interrupt_controller/libdrivers__interrupt_controller.a(intc_exti_stm32.c.obj)
 .text.stm32_clock_control_on
                0x00000000080050f6       0x24 zephyr/drivers/clock_control/libdrivers__clock_control.a(clock_stm32_ll_common.c.obj)
 .text.stm32_clock_control_off
                0x000000000800511a       0x24 zephyr/drivers/clock_control/libdrivers__clock_control.a(clock_stm32_ll_common.c.obj)
 .text.stm32_clock_control_get_status
                0x000000000800513e       0x2e zephyr/drivers/clock_control/libdrivers__clock_control.a(clock_stm32_ll_common.c.obj)
 .text.stm32_clock_control_configure
                0x000000000800516c       0x56 zephyr/drivers/clock_control/libdrivers__clock_control.a(clock_stm32_ll_common.c.obj)
 .text.config_enable_default_clocks
                0x00000000080051c2        0x2 zephyr/drivers/clock_control/libdrivers__clock_control.a(clock_stm32f1.c.obj)
                0x00000000080051c2                config_enable_default_clocks
 .text.gpio_stm32_port_get_raw
                0x00000000080051c4        0xc zephyr/drivers/gpio/libdrivers__gpio.a(gpio_stm32.c.obj)
 .text.gpio_stm32_port_set_masked_raw
                0x00000000080051d0       0x12 zephyr/drivers/gpio/libdrivers__gpio.a(gpio_stm32.c.obj)
 .text.gpio_stm32_port_set_bits_raw
                0x00000000080051e2        0xa zephyr/drivers/gpio/libdrivers__gpio.a(gpio_stm32.c.obj)
 .text.gpio_stm32_port_clear_bits_raw
                0x00000000080051ec        0xa zephyr/drivers/gpio/libdrivers__gpio.a(gpio_stm32.c.obj)
 .text.gpio_stm32_port_toggle_bits
                0x00000000080051f6        0xe zephyr/drivers/gpio/libdrivers__gpio.a(gpio_stm32.c.obj)
 .text.gpio_stm32_manage_callback
                0x0000000008005204       0x52 zephyr/drivers/gpio/libdrivers__gpio.a(gpio_stm32.c.obj)
 .text.LL_GPIO_SetPinMode
                0x0000000008005256       0x2c zephyr/drivers/gpio/libdrivers__gpio.a(gpio_stm32.c.obj)
 .text.LL_GPIO_SetPinSpeed
                0x0000000008005282       0x2c zephyr/drivers/gpio/libdrivers__gpio.a(gpio_stm32.c.obj)
 .text.LL_GPIO_SetPinOutputType
                0x00000000080052ae       0x2c zephyr/drivers/gpio/libdrivers__gpio.a(gpio_stm32.c.obj)
 .text.gpio_stm32_isr
                0x00000000080052da       0x2e zephyr/drivers/gpio/libdrivers__gpio.a(gpio_stm32.c.obj)
 .text.gpio_stm32_configure_raw.constprop.0.isra.0
                0x0000000008005308       0xaa zephyr/drivers/gpio/libdrivers__gpio.a(gpio_stm32.c.obj)
 .text.gpio_stm32_config
                0x00000000080053b2       0x72 zephyr/drivers/gpio/libdrivers__gpio.a(gpio_stm32.c.obj)
 .text.gpio_stm32_configure
                0x0000000008005424       0x2a zephyr/drivers/gpio/libdrivers__gpio.a(gpio_stm32.c.obj)
                0x0000000008005424                gpio_stm32_configure
 .text.pinctrl_lookup_state
                0x000000000800544e       0x26 zephyr/drivers/pinctrl/libdrivers__pinctrl.a(common.c.obj)
                0x000000000800544e                pinctrl_lookup_state
 .text.reset_stm32_status
                0x0000000008005474       0x20 zephyr/drivers/reset/libdrivers__reset.a(reset_stm32.c.obj)
 .text.reset_stm32_line_assert
                0x0000000008005494       0x1c zephyr/drivers/reset/libdrivers__reset.a(reset_stm32.c.obj)
 .text.reset_stm32_line_deassert
                0x00000000080054b0       0x1e zephyr/drivers/reset/libdrivers__reset.a(reset_stm32.c.obj)
 .text.reset_stm32_line_toggle
                0x00000000080054ce       0x16 zephyr/drivers/reset/libdrivers__reset.a(reset_stm32.c.obj)
 .text.LL_USART_ClearFlag_PE
                0x00000000080054e4       0x12 zephyr/drivers/serial/libdrivers__serial.a(uart_stm32.c.obj)
 .text.uart_stm32_poll_in
                0x00000000080054f6       0x22 zephyr/drivers/serial/libdrivers__serial.a(uart_stm32.c.obj)
 .text.uart_stm32_poll_out
                0x0000000008005518       0x3a zephyr/drivers/serial/libdrivers__serial.a(uart_stm32.c.obj)
 .text.uart_stm32_err_check
                0x0000000008005552       0x66 zephyr/drivers/serial/libdrivers__serial.a(uart_stm32.c.obj)
 .text.uart_stm32_fifo_fill
                0x00000000080055b8       0x46 zephyr/drivers/serial/libdrivers__serial.a(uart_stm32.c.obj)
 .text.uart_stm32_fifo_read
                0x00000000080055fe       0x2a zephyr/drivers/serial/libdrivers__serial.a(uart_stm32.c.obj)
 .text.uart_stm32_irq_tx_enable
                0x0000000008005628        0xe zephyr/drivers/serial/libdrivers__serial.a(uart_stm32.c.obj)
 .text.uart_stm32_irq_tx_disable
                0x0000000008005636        0xe zephyr/drivers/serial/libdrivers__serial.a(uart_stm32.c.obj)
 .text.uart_stm32_irq_tx_ready
                0x0000000008005644       0x14 zephyr/drivers/serial/libdrivers__serial.a(uart_stm32.c.obj)
 .text.uart_stm32_irq_tx_complete
                0x0000000008005658        0xc zephyr/drivers/serial/libdrivers__serial.a(uart_stm32.c.obj)
 .text.uart_stm32_irq_rx_enable
                0x0000000008005664        0xe zephyr/drivers/serial/libdrivers__serial.a(uart_stm32.c.obj)
 .text.uart_stm32_irq_rx_disable
                0x0000000008005672        0xe zephyr/drivers/serial/libdrivers__serial.a(uart_stm32.c.obj)
 .text.uart_stm32_irq_rx_ready
                0x0000000008005680        0xc zephyr/drivers/serial/libdrivers__serial.a(uart_stm32.c.obj)
 .text.uart_stm32_irq_is_pending
                0x000000000800568c       0x24 zephyr/drivers/serial/libdrivers__serial.a(uart_stm32.c.obj)
 .text.uart_stm32_irq_update
                0x00000000080056b0        0x4 zephyr/drivers/serial/libdrivers__serial.a(uart_stm32.c.obj)
 .text.uart_stm32_irq_callback_set
                0x00000000080056b4        0x8 zephyr/drivers/serial/libdrivers__serial.a(uart_stm32.c.obj)
 .text.uart_stm32_isr
                0x00000000080056bc        0xc zephyr/drivers/serial/libdrivers__serial.a(uart_stm32.c.obj)
 .text.uart_stm32_irq_config_func_0
                0x00000000080056c8       0x16 zephyr/drivers/serial/libdrivers__serial.a(uart_stm32.c.obj)
 .text.uart_stm32_config_get
                0x00000000080056de       0x8c zephyr/drivers/serial/libdrivers__serial.a(uart_stm32.c.obj)
 .text.uart_stm32_set_baudrate
                0x000000000800576a       0x4c zephyr/drivers/serial/libdrivers__serial.a(uart_stm32.c.obj)
 .text._GetAvailWriteSpace
                0x00000000080057b6       0x12 modules/segger/libmodules__segger.a(SEGGER_RTT.c.obj)
 .text._WriteNoCheck
                0x00000000080057c8       0x36 modules/segger/libmodules__segger.a(SEGGER_RTT.c.obj)
 .text._WriteBlocking
                0x00000000080057fe       0x52 modules/segger/libmodules__segger.a(SEGGER_RTT.c.obj)
 .text.SEGGER_RTT_Init
                0x0000000008005850        0x4 modules/segger/libmodules__segger.a(SEGGER_RTT.c.obj)
                0x0000000008005850                SEGGER_RTT_Init
 .text.rtt_init
                0x0000000008005854        0xa modules/segger/libmodules__segger.a(SEGGER_RTT_zephyr.c.obj)
 .text.z_device_state_init
                0x000000000800585e        0x2 zephyr/kernel/libkernel.a(device.c.obj)
                0x000000000800585e                z_device_state_init
 .text.z_device_is_ready
                0x0000000008005860       0x16 zephyr/kernel/libkernel.a(device.c.obj)
                0x0000000008005860                z_device_is_ready
 .text.arch_system_halt
                0x0000000008005876       0x12 zephyr/kernel/libkernel.a(fatal.c.obj)
                0x0000000008005876                arch_system_halt
 .text.z_early_memset
                0x0000000008005888        0x4 zephyr/kernel/libkernel.a(init.c.obj)
                0x0000000008005888                z_early_memset
 .text.z_early_memcpy
                0x000000000800588c        0x4 zephyr/kernel/libkernel.a(init.c.obj)
                0x000000000800588c                z_early_memcpy
 .text.k_is_in_isr
                0x0000000008005890        0xc zephyr/kernel/libkernel.a(thread.c.obj)
                0x0000000008005890                k_is_in_isr
 .text.z_impl_k_thread_name_set
                0x000000000800589c        0x6 zephyr/kernel/libkernel.a(thread.c.obj)
                0x000000000800589c                z_impl_k_thread_name_set
 .text.k_thread_name_get
                0x00000000080058a2        0x4 zephyr/kernel/libkernel.a(thread.c.obj)
                0x00000000080058a2                k_thread_name_get
 .text.idle     0x00000000080058a6       0x18 zephyr/kernel/libkernel.a(idle.c.obj)
                0x00000000080058a6                idle
 .text.adjust_owner_prio.isra.0
                0x00000000080058be       0x10 zephyr/kernel/libkernel.a(mutex.c.obj)
 .text.z_impl_k_sem_init
                0x00000000080058ce       0x18 zephyr/kernel/libkernel.a(sem.c.obj)
                0x00000000080058ce                z_impl_k_sem_init
 .text.sys_dlist_remove
                0x00000000080058e6       0x10 zephyr/kernel/libkernel.a(sched.c.obj)
 .text.unpend_thread_no_timeout
                0x00000000080058f6       0x14 zephyr/kernel/libkernel.a(sched.c.obj)
 .text.add_to_waitq_locked
                0x000000000800590a       0x50 zephyr/kernel/libkernel.a(sched.c.obj)
 .text.z_ready_thread
                0x000000000800595a       0x20 zephyr/kernel/libkernel.a(sched.c.obj)
                0x000000000800595a                z_ready_thread
 .text.z_unpend_thread_no_timeout
                0x000000000800597a       0x24 zephyr/kernel/libkernel.a(sched.c.obj)
                0x000000000800597a                z_unpend_thread_no_timeout
 .text.z_sched_wake_thread
                0x000000000800599e       0x44 zephyr/kernel/libkernel.a(sched.c.obj)
                0x000000000800599e                z_sched_wake_thread
 .text.z_thread_timeout
                0x00000000080059e2        0x8 zephyr/kernel/libkernel.a(sched.c.obj)
                0x00000000080059e2                z_thread_timeout
 .text.z_unpend1_no_timeout
                0x00000000080059ea       0x2e zephyr/kernel/libkernel.a(sched.c.obj)
                0x00000000080059ea                z_unpend1_no_timeout
 .text.z_unpend_first_thread
                0x0000000008005a18       0x38 zephyr/kernel/libkernel.a(sched.c.obj)
                0x0000000008005a18                z_unpend_first_thread
 .text.z_reschedule_irqlock
                0x0000000008005a50       0x18 zephyr/kernel/libkernel.a(sched.c.obj)
                0x0000000008005a50                z_reschedule_irqlock
 .text.z_reschedule_unlocked
                0x0000000008005a68       0x14 zephyr/kernel/libkernel.a(sched.c.obj)
 .text.z_abort_timeout
                0x0000000008005a7c       0x2c zephyr/kernel/libkernel.a(timeout.c.obj)
                0x0000000008005a7c                z_abort_timeout
 .text.sys_clock_tick_get_32
                0x0000000008005aa8        0x8 zephyr/kernel/libkernel.a(timeout.c.obj)
                0x0000000008005aa8                sys_clock_tick_get_32
 .text.z_impl_k_uptime_ticks
                0x0000000008005ab0        0x4 zephyr/kernel/libkernel.a(timeout.c.obj)
                0x0000000008005ab0                z_impl_k_uptime_ticks
 .text.k_timer_init
                0x0000000008005ab4       0x18 zephyr/kernel/libkernel.a(timer.c.obj)
                0x0000000008005ab4                k_timer_init
 .text.z_impl_k_timer_stop
                0x0000000008005acc       0x3a zephyr/kernel/libkernel.a(timer.c.obj)
                0x0000000008005acc                z_impl_k_timer_stop
 *(SORT_BY_ALIGNMENT(.TEXT.*))
 *(SORT_BY_ALIGNMENT(.gnu.linkonce.t.*))
 *(SORT_BY_ALIGNMENT(.glue_7t))
 .glue_7t       0x0000000008005b06        0x0 linker stubs
 *(SORT_BY_ALIGNMENT(.glue_7))
 .glue_7        0x0000000008005b06        0x0 linker stubs
 *(SORT_BY_ALIGNMENT(.vfp11_veneer))
 .vfp11_veneer  0x0000000008005b06        0x0 linker stubs
 *(SORT_BY_ALIGNMENT(.v4_bx))
 .v4_bx         0x0000000008005b06        0x0 linker stubs
                0x0000000008005b08                . = ALIGN (0x4)
 *fill*         0x0000000008005b06        0x2 
                0x0000000008005b08                __text_region_end = .

.ARM.exidx      0x0000000008005b08        0x8
                0x0000000008005b08                __exidx_start = .
 *(SORT_BY_ALIGNMENT(.ARM.exidx*) SORT_BY_ALIGNMENT(gnu.linkonce.armexidx.*))
 .ARM.exidx     0x0000000008005b08        0x8 d:/desktop/source/zephyr-sdk-0.16.1/arm-zephyr-eabi/bin/../lib/gcc/arm-zephyr-eabi/12.2.0/thumb/v7-m/nofp\libgcc.a(_udivmoddi4.o)
                0x0000000008005b10                __exidx_end = .
                0x0000000008005b10                __rodata_region_start = .

initlevel       0x0000000008005b10       0x78
                0x0000000008005b10                __init_start = .
                0x0000000008005b10                __init_EARLY_start = .
 *(SORT_BY_NAME(SORT_BY_ALIGNMENT(.z_init_EARLY?_*)))
 *(SORT_BY_NAME(SORT_BY_ALIGNMENT(.z_init_EARLY??_*)))
                0x0000000008005b10                __init_PRE_KERNEL_1_start = .
 *(SORT_BY_NAME(SORT_BY_ALIGNMENT(.z_init_PRE_KERNEL_1?_*)))
 .z_init_PRE_KERNEL_10_0_
                0x0000000008005b10        0x8 zephyr/libzephyr.a(soc.c.obj)
 .z_init_PRE_KERNEL_11_00008_
                0x0000000008005b18        0x8 zephyr/drivers/clock_control/libdrivers__clock_control.a(clock_stm32_ll_common.c.obj)
 .z_init_PRE_KERNEL_11_0_
                0x0000000008005b20        0x8 zephyr/libzephyr.a(soc_config.c.obj)
 *(SORT_BY_NAME(SORT_BY_ALIGNMENT(.z_init_PRE_KERNEL_1??_*)))
 .z_init_PRE_KERNEL_130_0_
                0x0000000008005b28        0x8 modules/segger/libmodules__segger.a(SEGGER_RTT_zephyr.c.obj)
 .z_init_PRE_KERNEL_135_00027_
                0x0000000008005b30        0x8 zephyr/drivers/reset/libdrivers__reset.a(reset_stm32.c.obj)
 .z_init_PRE_KERNEL_140_00019_
                0x0000000008005b38        0x8 zephyr/drivers/gpio/libdrivers__gpio.a(gpio_stm32.c.obj)
 .z_init_PRE_KERNEL_140_00025_
                0x0000000008005b40        0x8 zephyr/drivers/interrupt_controller/libdrivers__interrupt_controller.a(intc_exti_stm32.c.obj)
 .z_init_PRE_KERNEL_140_00042_
                0x0000000008005b48        0x8 zephyr/drivers/gpio/libdrivers__gpio.a(gpio_stm32.c.obj)
 .z_init_PRE_KERNEL_140_00043_
                0x0000000008005b50        0x8 zephyr/drivers/gpio/libdrivers__gpio.a(gpio_stm32.c.obj)
 .z_init_PRE_KERNEL_140_00044_
                0x0000000008005b58        0x8 zephyr/drivers/gpio/libdrivers__gpio.a(gpio_stm32.c.obj)
 .z_init_PRE_KERNEL_140_00045_
                0x0000000008005b60        0x8 zephyr/drivers/gpio/libdrivers__gpio.a(gpio_stm32.c.obj)
 .z_init_PRE_KERNEL_140_0_
                0x0000000008005b68        0x8 zephyr/drivers/console/libdrivers__console.a(rtt_console.c.obj)
 .z_init_PRE_KERNEL_155_00032_
                0x0000000008005b70        0x8 zephyr/drivers/serial/libdrivers__serial.a(uart_stm32.c.obj)
                0x0000000008005b78                __init_PRE_KERNEL_2_start = .
 *(SORT_BY_NAME(SORT_BY_ALIGNMENT(.z_init_PRE_KERNEL_2?_*)))
 .z_init_PRE_KERNEL_20_0_
                0x0000000008005b78        0x8 zephyr/drivers/timer/libdrivers__timer.a(cortex_m_systick.c.obj)
 *(SORT_BY_NAME(SORT_BY_ALIGNMENT(.z_init_PRE_KERNEL_2??_*)))
                0x0000000008005b80                __init_POST_KERNEL_start = .
 *(SORT_BY_NAME(SORT_BY_ALIGNMENT(.z_init_POST_KERNEL?_*)))
 .z_init_POST_KERNEL0_0_
                0x0000000008005b80        0x8 zephyr/libzephyr.a(log_core.c.obj)
 *(SORT_BY_NAME(SORT_BY_ALIGNMENT(.z_init_POST_KERNEL??_*)))
                0x0000000008005b88                __init_APPLICATION_start = .
 *(SORT_BY_NAME(SORT_BY_ALIGNMENT(.z_init_APPLICATION?_*)))
 *(SORT_BY_NAME(SORT_BY_ALIGNMENT(.z_init_APPLICATION??_*)))
                0x0000000008005b88                __init_SMP_start = .
 *(SORT_BY_NAME(SORT_BY_ALIGNMENT(.z_init_SMP?_*)))
 *(SORT_BY_NAME(SORT_BY_ALIGNMENT(.z_init_SMP??_*)))
                0x0000000008005b88                __init_end = .

device_area     0x0000000008005b88       0xb4
                0x0000000008005b88                _device_list_start = .
 *(SORT_BY_NAME(SORT_BY_ALIGNMENT(._device.static.*_?_*)))
 ._device.static.1_1_
                0x0000000008005b88       0x14 zephyr/drivers/clock_control/libdrivers__clock_control.a(clock_stm32_ll_common.c.obj)
                0x0000000008005b88                __device_dts_ord_8
 *(SORT_BY_NAME(SORT_BY_ALIGNMENT(._device.static.*_??_*)))
 ._device.static.1_35_
                0x0000000008005b9c       0x14 zephyr/drivers/reset/libdrivers__reset.a(reset_stm32.c.obj)
                0x0000000008005b9c                __device_dts_ord_27
 ._device.static.1_40_
                0x0000000008005bb0       0x14 zephyr/drivers/interrupt_controller/libdrivers__interrupt_controller.a(intc_exti_stm32.c.obj)
                0x0000000008005bb0                __device_dts_ord_25
 ._device.static.1_40_
                0x0000000008005bc4       0x64 zephyr/drivers/gpio/libdrivers__gpio.a(gpio_stm32.c.obj)
                0x0000000008005bc4                __device_dts_ord_45
                0x0000000008005bd8                __device_dts_ord_44
                0x0000000008005bec                __device_dts_ord_19
                0x0000000008005c00                __device_dts_ord_43
                0x0000000008005c14                __device_dts_ord_42
 ._device.static.1_55_
                0x0000000008005c28       0x14 zephyr/drivers/serial/libdrivers__serial.a(uart_stm32.c.obj)
                0x0000000008005c28                __device_dts_ord_32
                0x0000000008005c3c                _device_list_end = .

sw_isr_table    0x0000000008005c3c      0x1e0
                0x0000000008005c3c                . = ALIGN (0x4)
 *(SORT_BY_ALIGNMENT(.gnu.linkonce.sw_isr_table*))
 .gnu.linkonce.sw_isr_table
                0x0000000008005c3c      0x1e0 zephyr/arch/common/libisr_tables.a(isr_tables.c.obj)
                0x0000000008005c3c                _sw_isr_table

initlevel_error
                0x0000000008005b10        0x0
 *(SORT_BY_NAME(SORT_BY_ALIGNMENT(.z_init_[_A-Z0-9]*)))
                0x0000000000000001                ASSERT ((SIZEOF (initlevel_error) == 0x0), Undefined initialization levels used.)

app_shmem_regions
                0x0000000008005e1c        0x0
                0x0000000008005e1c                __app_shmem_regions_start = .
 *(SORT_BY_NAME(SORT_BY_ALIGNMENT(.app_regions.*)))
                0x0000000008005e1c                __app_shmem_regions_end = .

k_p4wq_initparam_area
                0x0000000008005e1c        0x0
                0x0000000008005e1c                _k_p4wq_initparam_list_start = .
 *(SORT_BY_NAME(SORT_BY_ALIGNMENT(._k_p4wq_initparam.static.*)))
                0x0000000008005e1c                _k_p4wq_initparam_list_end = .

_static_thread_data_area
                0x0000000008005e1c        0x0
                0x0000000008005e1c                __static_thread_data_list_start = .
 *(SORT_BY_NAME(SORT_BY_ALIGNMENT(.__static_thread_data.static.*)))
                0x0000000008005e1c                __static_thread_data_list_end = .

device_deps     0x0000000008005e1c        0x0
                0x0000000008005e1c                __device_deps_start = .
 *(SORT_BY_NAME(SORT_BY_ALIGNMENT(.__device_deps_pass2*)))
                0x0000000008005e1c                __device_deps_end = .

ztest           0x0000000008005e1c        0x0
                0x0000000008005e1c                _ztest_expected_result_entry_list_start = .
 *(SORT_BY_NAME(SORT_BY_ALIGNMENT(._ztest_expected_result_entry.static.*)))
                0x0000000008005e1c                _ztest_expected_result_entry_list_end = .
                0x0000000008005e1c                _ztest_suite_node_list_start = .
 *(SORT_BY_NAME(SORT_BY_ALIGNMENT(._ztest_suite_node.static.*)))
                0x0000000008005e1c                _ztest_suite_node_list_end = .
                0x0000000008005e1c                _ztest_unit_test_list_start = .
 *(SORT_BY_NAME(SORT_BY_ALIGNMENT(._ztest_unit_test.static.*)))
                0x0000000008005e1c                _ztest_unit_test_list_end = .
                0x0000000008005e1c                _ztest_test_rule_list_start = .
 *(SORT_BY_NAME(SORT_BY_ALIGNMENT(._ztest_test_rule.static.*)))
                0x0000000008005e1c                _ztest_test_rule_list_end = .

bt_l2cap_fixed_chan_area
                0x0000000008005e1c        0x0
                0x0000000008005e1c                _bt_l2cap_fixed_chan_list_start = .
 *(SORT_BY_NAME(SORT_BY_ALIGNMENT(._bt_l2cap_fixed_chan.static.*)))
                0x0000000008005e1c                _bt_l2cap_fixed_chan_list_end = .

bt_gatt_service_static_area
                0x0000000008005e1c        0x0
                0x0000000008005e1c                _bt_gatt_service_static_list_start = .
 *(SORT_BY_NAME(SORT_BY_ALIGNMENT(._bt_gatt_service_static.static.*)))
                0x0000000008005e1c                _bt_gatt_service_static_list_end = .

log_strings_area
                0x0000000008005e1c        0x0
                0x0000000008005e1c                _log_strings_list_start = .
 *(SORT_BY_NAME(SORT_BY_ALIGNMENT(._log_strings.static.*)))
                0x0000000008005e1c                _log_strings_list_end = .

log_const_area  0x0000000008005e1c       0x30
                0x0000000008005e1c                _log_const_list_start = .
 *(SORT_BY_NAME(SORT_BY_ALIGNMENT(._log_const.static.*)))
 ._log_const.static.log_const_application_
                0x0000000008005e1c        0x8 app/libapp.a(main.c.obj)
                0x0000000008005e1c                log_const_application
 ._log_const.static.log_const_cbprintf_package_
                0x0000000008005e24        0x8 zephyr/libzephyr.a(cbprintf_packaged.c.obj)
                0x0000000008005e24                log_const_cbprintf_package
 ._log_const.static.log_const_log_
                0x0000000008005e2c        0x8 zephyr/libzephyr.a(log_core.c.obj)
                0x0000000008005e2c                log_const_log
 ._log_const.static.log_const_log_mgmt_
                0x0000000008005e34        0x8 zephyr/libzephyr.a(log_mgmt.c.obj)
                0x0000000008005e34                log_const_log_mgmt
 ._log_const.static.log_const_os_
                0x0000000008005e3c        0x8 zephyr/kernel/libkernel.a(init.c.obj)
                0x0000000008005e3c                log_const_os
 ._log_const.static.log_const_uart_stm32_
                0x0000000008005e44        0x8 zephyr/drivers/serial/libdrivers__serial.a(uart_stm32.c.obj)
                0x0000000008005e44                log_const_uart_stm32
                0x0000000008005e4c                _log_const_list_end = .

log_backend_area
                0x0000000008005e4c       0x10
                0x0000000008005e4c                _log_backend_list_start = .
 *(SORT_BY_NAME(SORT_BY_ALIGNMENT(._log_backend.static.*)))
 ._log_backend.static.log_backend_rtt_
                0x0000000008005e4c       0x10 zephyr/libzephyr.a(log_backend_rtt.c.obj)
                0x0000000008005e5c                _log_backend_list_end = .

log_link_area   0x0000000008005e5c        0x0
                0x0000000008005e5c                _log_link_list_start = .
 *(SORT_BY_NAME(SORT_BY_ALIGNMENT(._log_link.static.*)))
                0x0000000008005e5c                _log_link_list_end = .

tracing_backend_area
                0x0000000008005e5c        0x0
                0x0000000008005e5c                _tracing_backend_list_start = .
 *(SORT_BY_NAME(SORT_BY_ALIGNMENT(._tracing_backend.static.*)))
                0x0000000008005e5c                _tracing_backend_list_end = .

zephyr_dbg_info
 *(SORT_BY_ALIGNMENT(.dbg_thread_info))

symbol_to_keep  0x0000000008005e5c        0x0
                0x0000000008005e5c                __symbol_to_keep_start = .
 *(SORT_BY_NAME(SORT_BY_ALIGNMENT(.symbol_to_keep*)))
                0x0000000008005e5c                __symbol_to_keep_end = .

shell_area      0x0000000008005e5c        0x0
                0x0000000008005e5c                _shell_list_start = .
 *(SORT_BY_NAME(SORT_BY_ALIGNMENT(._shell.static.*)))
                0x0000000008005e5c                _shell_list_end = .

shell_root_cmds_area
                0x0000000008005e5c        0x0
                0x0000000008005e5c                _shell_root_cmds_list_start = .
 *(SORT_BY_NAME(SORT_BY_ALIGNMENT(._shell_root_cmds.static.*)))
                0x0000000008005e5c                _shell_root_cmds_list_end = .

shell_subcmds_area
                0x0000000008005e5c        0x0
                0x0000000008005e5c                _shell_subcmds_list_start = .
 *(SORT_BY_NAME(SORT_BY_ALIGNMENT(._shell_subcmds.static.*)))
                0x0000000008005e5c                _shell_subcmds_list_end = .

shell_dynamic_subcmds_area
                0x0000000008005e5c        0x0
                0x0000000008005e5c                _shell_dynamic_subcmds_list_start = .
 *(SORT_BY_NAME(SORT_BY_ALIGNMENT(._shell_dynamic_subcmds.static.*)))
                0x0000000008005e5c                _shell_dynamic_subcmds_list_end = .

cfb_font_area   0x0000000008005e5c        0x0
                0x0000000008005e5c                _cfb_font_list_start = .
 *(SORT_BY_NAME(SORT_BY_ALIGNMENT(._cfb_font.static.*)))
                0x0000000008005e5c                _cfb_font_list_end = .

rodata          0x0000000008005e5c      0xa64
 *(SORT_BY_ALIGNMENT(.rodata))
 *(SORT_BY_ALIGNMENT(.rodata.*))
 .rodata.mpsc_config
                0x0000000008005e5c       0x14 zephyr/libzephyr.a(log_core.c.obj)
 .rodata.format_table
                0x0000000008005e70       0x10 zephyr/libzephyr.a(log_core.c.obj)
 .rodata.colors
                0x0000000008005e80       0x14 zephyr/libzephyr.a(log_output.c.obj)
 .rodata.severity
                0x0000000008005e94       0x14 zephyr/libzephyr.a(log_output.c.obj)
 .rodata.log_backend_rtt_api
                0x0000000008005ea8       0x1c zephyr/libzephyr.a(log_backend_rtt.c.obj)
                0x0000000008005ea8                log_backend_rtt_api
 .rodata.log_output_rtt
                0x0000000008005ec4       0x10 zephyr/libzephyr.a(log_backend_rtt.c.obj)
 .rodata.gpio_stm32_cfg_e
                0x0000000008005ed4       0x14 zephyr/drivers/gpio/libdrivers__gpio.a(gpio_stm32.c.obj)
 .rodata.gpio_stm32_cfg_d
                0x0000000008005ee8       0x14 zephyr/drivers/gpio/libdrivers__gpio.a(gpio_stm32.c.obj)
 .rodata.gpio_stm32_cfg_c
                0x0000000008005efc       0x14 zephyr/drivers/gpio/libdrivers__gpio.a(gpio_stm32.c.obj)
 .rodata.gpio_stm32_cfg_b
                0x0000000008005f10       0x14 zephyr/drivers/gpio/libdrivers__gpio.a(gpio_stm32.c.obj)
 .rodata.gpio_stm32_cfg_a
                0x0000000008005f24       0x14 zephyr/drivers/gpio/libdrivers__gpio.a(gpio_stm32.c.obj)
 .rodata.gpio_stm32_driver
                0x0000000008005f38       0x24 zephyr/drivers/gpio/libdrivers__gpio.a(gpio_stm32.c.obj)
 .rodata.gpio_ports
                0x0000000008005f5c       0x2c zephyr/drivers/pinctrl/libdrivers__pinctrl.a(pinctrl_stm32.c.obj)
 .rodata.reset_stm32_config
                0x0000000008005f88        0x4 zephyr/drivers/reset/libdrivers__reset.a(reset_stm32.c.obj)
 .rodata.reset_stm32_driver_api
                0x0000000008005f8c       0x10 zephyr/drivers/reset/libdrivers__reset.a(reset_stm32.c.obj)
 .rodata.uart_stm32_cfg_0
                0x0000000008005f9c       0x24 zephyr/drivers/serial/libdrivers__serial.a(uart_stm32.c.obj)
 .rodata.pclken_0
                0x0000000008005fc0        0x8 zephyr/drivers/serial/libdrivers__serial.a(uart_stm32.c.obj)
 .rodata.__pinctrl_dev_config__device_dts_ord_32
                0x0000000008005fc8        0x8 zephyr/drivers/serial/libdrivers__serial.a(uart_stm32.c.obj)
 .rodata.__pinctrl_states__device_dts_ord_32
                0x0000000008005fd0        0x8 zephyr/drivers/serial/libdrivers__serial.a(uart_stm32.c.obj)
 .rodata.__pinctrl_state_pins_0__device_dts_ord_32
                0x0000000008005fd8       0x10 zephyr/drivers/serial/libdrivers__serial.a(uart_stm32.c.obj)
 .rodata.uart_stm32_driver_api
                0x0000000008005fe8       0x4c zephyr/drivers/serial/libdrivers__serial.a(uart_stm32.c.obj)
 .rodata._k_neg_eagain
                0x0000000008006034        0x4 zephyr/kernel/libkernel.a(errno.c.obj)
                0x0000000008006034                _k_neg_eagain
 .rodata.CSWTCH.479
                0x0000000008006038       0x14 zephyr/kernel/libkernel.a(fatal.c.obj)
 .rodata.levels.0
                0x000000000800604c       0x18 zephyr/kernel/libkernel.a(init.c.obj)
 .rodata.CSWTCH.646
                0x0000000008006064        0x6 zephyr/drivers/serial/libdrivers__serial.a(uart_stm32.c.obj)
 .rodata.uart_isr_cb.str1.1
                0x000000000800606a       0x28 app/libapp.a(main.c.obj)
 .rodata.main.str1.1
                0x0000000008006092        0x6 app/libapp.a(main.c.obj)
 .rodata.str1.1
                0x0000000008006098        0xc app/libapp.a(main.c.obj)
 .rodata.cbprintf_package_convert.str1.1
                0x00000000080060a4       0xa3 zephyr/libzephyr.a(cbprintf_packaged.c.obj)
 .rodata.str1.1
                0x0000000008006147       0x11 zephyr/libzephyr.a(cbprintf_packaged.c.obj)
 .rodata.z_cbvprintf_impl.str1.1
                0x0000000008006158        0x6 zephyr/libzephyr.a(cbprintf_complete.c.obj)
 .rodata.enable_logger.str1.1
                0x000000000800615e        0x8 zephyr/libzephyr.a(log_core.c.obj)
 .rodata.str1.1
                0x0000000008006166        0x4 zephyr/libzephyr.a(log_core.c.obj)
 .rodata.str1.1
                0x000000000800616a        0x9 zephyr/libzephyr.a(log_mgmt.c.obj)
 .rodata.z_impl_z_log_msg_static_create.str1.1
                0x0000000008006173       0x3f zephyr/libzephyr.a(log_msg.c.obj)
 .rodata.newline_print.str1.1
                0x00000000080061b2        0x3 zephyr/libzephyr.a(log_output.c.obj)
                                          0x5 (size before relaxing)
 .rodata.log_output_process.str1.1
                0x00000000080061b5       0x4c zephyr/libzephyr.a(log_output.c.obj)
                                         0x51 (size before relaxing)
 .rodata.log_output_dropped_process.str1.1
                0x0000000008006201       0x4c zephyr/libzephyr.a(log_output.c.obj)
                                          0x3 (size before relaxing)
 .rodata.postfix.0
                0x0000000008006201       0x1c zephyr/libzephyr.a(log_output.c.obj)
 .rodata.prefix.1
                0x000000000800621d        0xc zephyr/libzephyr.a(log_output.c.obj)
 .rodata.str1.1
                0x0000000008006229       0x20 zephyr/libzephyr.a(log_output.c.obj)
 .rodata.str1.1
                0x0000000008006249       0x10 zephyr/libzephyr.a(log_backend_rtt.c.obj)
 .rodata.z_arm_fatal_error.str1.1
                0x0000000008006259       0x9b zephyr/arch/arch/arm/core/aarch32/libarch__arm__core__aarch32.a(fatal.c.obj)
 .rodata.mem_manage_fault.constprop.0.str1.1
                0x00000000080062f4       0xa9 zephyr/arch/arch/arm/core/aarch32/cortex_m/libarch__arm__core__aarch32__cortex_m.a(fault.c.obj)
 .rodata.bus_fault.constprop.0.str1.1
                0x000000000800639d       0x88 zephyr/arch/arch/arm/core/aarch32/cortex_m/libarch__arm__core__aarch32__cortex_m.a(fault.c.obj)
 .rodata.usage_fault.constprop.0.str1.1
                0x0000000008006425       0xcd zephyr/arch/arch/arm/core/aarch32/cortex_m/libarch__arm__core__aarch32__cortex_m.a(fault.c.obj)
 .rodata.z_arm_fault.str1.1
                0x00000000080064f2      0x111 zephyr/arch/arch/arm/core/aarch32/cortex_m/libarch__arm__core__aarch32__cortex_m.a(fault.c.obj)
 .rodata.line_range_6.0
                0x0000000008006603        0x2 zephyr/drivers/interrupt_controller/libdrivers__interrupt_controller.a(intc_exti_stm32.c.obj)
 .rodata.line_range_5.1
                0x0000000008006605        0x2 zephyr/drivers/interrupt_controller/libdrivers__interrupt_controller.a(intc_exti_stm32.c.obj)
 .rodata.line_range_4.2
                0x0000000008006607        0x2 zephyr/drivers/interrupt_controller/libdrivers__interrupt_controller.a(intc_exti_stm32.c.obj)
 .rodata.line_range_3.3
                0x0000000008006609        0x2 zephyr/drivers/interrupt_controller/libdrivers__interrupt_controller.a(intc_exti_stm32.c.obj)
 .rodata.line_range_2.4
                0x000000000800660b        0x2 zephyr/drivers/interrupt_controller/libdrivers__interrupt_controller.a(intc_exti_stm32.c.obj)
 .rodata.line_range_1.5
                0x000000000800660d        0x2 zephyr/drivers/interrupt_controller/libdrivers__interrupt_controller.a(intc_exti_stm32.c.obj)
 .rodata.line_range_0.6
                0x000000000800660f        0x2 zephyr/drivers/interrupt_controller/libdrivers__interrupt_controller.a(intc_exti_stm32.c.obj)
 .rodata.str1.1
                0x0000000008006611       0x1e zephyr/drivers/interrupt_controller/libdrivers__interrupt_controller.a(intc_exti_stm32.c.obj)
 .rodata.str1.1
                0x000000000800662f        0xd zephyr/drivers/clock_control/libdrivers__clock_control.a(clock_stm32_ll_common.c.obj)
 .rodata.str1.1
                0x000000000800663c       0x46 zephyr/drivers/gpio/libdrivers__gpio.a(gpio_stm32.c.obj)
 .rodata.str1.1
                0x0000000008006682       0x11 zephyr/drivers/reset/libdrivers__reset.a(reset_stm32.c.obj)
 .rodata.uart_stm32_set_baudrate.part.0.str1.1
                0x0000000008006693       0x2e zephyr/drivers/serial/libdrivers__serial.a(uart_stm32.c.obj)
 .rodata.uart_stm32_init.str1.1
                0x00000000080066c1       0x8c zephyr/drivers/serial/libdrivers__serial.a(uart_stm32.c.obj)
 .rodata.str1.1
                0x000000000800674d       0x1b zephyr/drivers/serial/libdrivers__serial.a(uart_stm32.c.obj)
 .rodata.AHBPrescTable
                0x0000000008006768       0x10 modules/stm32/stm32cube/lib..__modules__hal__stm32__stm32cube.a(system_stm32f1xx.c.obj)
                0x0000000008006768                AHBPrescTable
 .rodata.HAL_RCC_GetSysClockFreq.str1.1
                0x0000000008006778       0x11 modules/stm32/stm32cube/lib..__modules__hal__stm32__stm32cube.a(stm32f1xx_hal_rcc.c.obj)
 .rodata._DoInit.str1.1
                0x0000000008006789        0x9 modules/segger/libmodules__segger.a(SEGGER_RTT.c.obj)
 .rodata._aInitStr.0
                0x0000000008006792       0x11 modules/segger/libmodules__segger.a(SEGGER_RTT.c.obj)
 .rodata.k_sys_fatal_error_handler.str1.1
                0x00000000080067a3        0xf zephyr/kernel/libkernel.a(fatal.c.obj)
 .rodata.z_fatal_error.str1.1
                0x00000000080067b2       0x77 zephyr/kernel/libkernel.a(fatal.c.obj)
 .rodata.str1.1
                0x0000000008006829       0x4a zephyr/kernel/libkernel.a(fatal.c.obj)
 .rodata.z_cstart.str1.1
                0x0000000008006873        0x5 zephyr/kernel/libkernel.a(init.c.obj)
 .rodata.str1.1
                0x0000000008006878        0x3 zephyr/kernel/libkernel.a(init.c.obj)
 .rodata.boot_banner.str1.1
                0x000000000800687b       0x42 zephyr/kernel/libkernel.a(banner.c.obj)
 *(SORT_BY_ALIGNMENT(.gnu.linkonce.r.*))
                0x00000000080068c0                . = ALIGN (0x4)
 *fill*         0x00000000080068bd        0x3 
                0x00000000080068c0                __rodata_region_end = .
                0x00000000080068c0                . = ALIGN (_region_min_align)
                0x00000000080068c0                __rom_region_end = ((__rom_region_start + .) - ADDR (rom_start))

/DISCARD/
 *(SORT_BY_ALIGNMENT(.got.plt))
 *(SORT_BY_ALIGNMENT(.igot.plt))
 *(SORT_BY_ALIGNMENT(.got))
 *(SORT_BY_ALIGNMENT(.igot))
                0x0000000020000000                . = 0x20000000
                0x0000000020000000                . = ALIGN (_region_min_align)
                0x0000000020000000                _image_ram_start = .

.ramfunc        0x0000000020000000        0x0 load address 0x00000000080068c0
                0x0000000020000000                . = ALIGN (_region_min_align)
                0x0000000020000000                __ramfunc_start = .
 *(SORT_BY_ALIGNMENT(.ramfunc))
 *(SORT_BY_ALIGNMENT(.ramfunc.*))
                0x0000000020000000                . = ALIGN (_region_min_align)
                0x0000000020000000                __ramfunc_end = .
                0x0000000000000000                __ramfunc_size = (__ramfunc_end - __ramfunc_start)
                0x00000000080068c0                __ramfunc_load_start = LOADADDR (.ramfunc)

datas           0x0000000020000000       0x5c load address 0x00000000080068c0
                0x0000000020000000                __data_region_start = .
                0x0000000020000000                __data_start = .
 *(SORT_BY_ALIGNMENT(.data))
 *(SORT_BY_ALIGNMENT(.data.*))
 .data._char_out
                0x0000000020000000        0x4 zephyr/libzephyr.a(printk.c.obj)
                0x0000000020000000                _char_out
 .data.timestamp_func
                0x0000000020000004        0x4 zephyr/libzephyr.a(log_core.c.obj)
 .data._stdout_hook
                0x0000000020000008        0x4 zephyr/lib/libc/minimal/liblib__libc__minimal.a(stdout_console.c.obj)
 .data.stm32_clock_control_api
                0x000000002000000c       0x1c zephyr/drivers/clock_control/libdrivers__clock_control.a(clock_stm32_ll_common.c.obj)
 .data.uart_stm32_data_0
                0x0000000020000028       0x18 zephyr/drivers/serial/libdrivers__serial.a(uart_stm32.c.obj)
 .data.SystemCoreClock
                0x0000000020000040        0x4 modules/stm32/stm32cube/lib..__modules__hal__stm32__stm32cube.a(system_stm32f1xx.c.obj)
                0x0000000020000040                SystemCoreClock
 .data.timeout_list
                0x0000000020000044        0x8 zephyr/kernel/libkernel.a(timeout.c.obj)
 .data.exti_irq_table
                0x000000002000004c       0x10 zephyr/drivers/interrupt_controller/libdrivers__interrupt_controller.a(intc_exti_stm32.c.obj)
 *(SORT_BY_ALIGNMENT(.kernel.*))
                0x000000002000005c                __data_end = .
                0x000000000000005c                __data_size = (__data_end - __data_start)
                0x00000000080068c0                __data_load_start = LOADADDR (datas)
                0x00000000080068c0                __data_region_load_start = LOADADDR (datas)

device_states   0x000000002000005c       0x12 load address 0x000000000800691c
                0x000000002000005c                __device_states_start = .
 *(SORT_BY_ALIGNMENT(.z_devstate))
 .z_devstate    0x000000002000005c        0x2 zephyr/drivers/interrupt_controller/libdrivers__interrupt_controller.a(intc_exti_stm32.c.obj)
 .z_devstate    0x000000002000005e        0x2 zephyr/drivers/clock_control/libdrivers__clock_control.a(clock_stm32_ll_common.c.obj)
 .z_devstate    0x0000000020000060        0xa zephyr/drivers/gpio/libdrivers__gpio.a(gpio_stm32.c.obj)
 .z_devstate    0x000000002000006a        0x2 zephyr/drivers/reset/libdrivers__reset.a(reset_stm32.c.obj)
 .z_devstate    0x000000002000006c        0x2 zephyr/drivers/serial/libdrivers__serial.a(uart_stm32.c.obj)
 *(SORT_BY_ALIGNMENT(.z_devstate.*))
                0x000000002000006e                __device_states_end = .

log_mpsc_pbuf_area
                0x0000000020000070       0x38 load address 0x0000000008006930
                0x0000000020000070                _log_mpsc_pbuf_list_start = .
 *(SORT_BY_NAME(SORT_BY_ALIGNMENT(._log_mpsc_pbuf.static.*)))
 ._log_mpsc_pbuf.static.log_buffer_
                0x0000000020000070       0x38 zephyr/libzephyr.a(log_core.c.obj)
                0x00000000200000a8                _log_mpsc_pbuf_list_end = .

log_msg_ptr_area
                0x00000000200000a8        0x4 load address 0x0000000008006968
                0x00000000200000a8                _log_msg_ptr_list_start = .
 *(SORT_BY_NAME(SORT_BY_ALIGNMENT(._log_msg_ptr.static.*)))
 ._log_msg_ptr.static.log_msg_ptr_
                0x00000000200000a8        0x4 zephyr/libzephyr.a(log_core.c.obj)
                0x00000000200000ac                _log_msg_ptr_list_end = .

log_dynamic_area
                0x00000000200000ac        0x0 load address 0x000000000800696c
                0x00000000200000ac                _log_dynamic_list_start = .
 *(SORT_BY_NAME(SORT_BY_ALIGNMENT(._log_dynamic.static.*)))
                0x00000000200000ac                _log_dynamic_list_end = .

k_timer_area    0x00000000200000ac        0x0 load address 0x000000000800696c
                0x00000000200000ac                _k_timer_list_start = .
 *(SORT_BY_NAME(SORT_BY_ALIGNMENT(._k_timer.static.*)))
                0x00000000200000ac                _k_timer_list_end = .

k_mem_slab_area
                0x00000000200000ac        0x0 load address 0x000000000800696c
                0x00000000200000ac                _k_mem_slab_list_start = .
 *(SORT_BY_NAME(SORT_BY_ALIGNMENT(._k_mem_slab.static.*)))
                0x00000000200000ac                _k_mem_slab_list_end = .

k_heap_area     0x00000000200000ac        0x0 load address 0x000000000800696c
                0x00000000200000ac                _k_heap_list_start = .
 *(SORT_BY_NAME(SORT_BY_ALIGNMENT(._k_heap.static.*)))
                0x00000000200000ac                _k_heap_list_end = .

k_mutex_area    0x00000000200000ac       0x14 load address 0x000000000800696c
                0x00000000200000ac                _k_mutex_list_start = .
 *(SORT_BY_NAME(SORT_BY_ALIGNMENT(._k_mutex.static.*)))
 ._k_mutex.static.rtt_term_mutex_
                0x00000000200000ac       0x14 modules/segger/libmodules__segger.a(SEGGER_RTT_zephyr.c.obj)
                0x00000000200000ac                rtt_term_mutex
                0x00000000200000c0                _k_mutex_list_end = .

k_stack_area    0x00000000200000c0        0x0 load address 0x0000000008006980
                0x00000000200000c0                _k_stack_list_start = .
 *(SORT_BY_NAME(SORT_BY_ALIGNMENT(._k_stack.static.*)))
                0x00000000200000c0                _k_stack_list_end = .

k_msgq_area     0x00000000200000c0        0x0 load address 0x0000000008006980
                0x00000000200000c0                _k_msgq_list_start = .
 *(SORT_BY_NAME(SORT_BY_ALIGNMENT(._k_msgq.static.*)))
                0x00000000200000c0                _k_msgq_list_end = .

k_mbox_area     0x00000000200000c0        0x0 load address 0x0000000008006980
                0x00000000200000c0                _k_mbox_list_start = .
 *(SORT_BY_NAME(SORT_BY_ALIGNMENT(._k_mbox.static.*)))
                0x00000000200000c0                _k_mbox_list_end = .

k_pipe_area     0x00000000200000c0        0x0 load address 0x0000000008006980
                0x00000000200000c0                _k_pipe_list_start = .
 *(SORT_BY_NAME(SORT_BY_ALIGNMENT(._k_pipe.static.*)))
                0x00000000200000c0                _k_pipe_list_end = .

k_sem_area      0x00000000200000c0       0x10 load address 0x0000000008006980
                0x00000000200000c0                _k_sem_list_start = .
 *(SORT_BY_NAME(SORT_BY_ALIGNMENT(._k_sem.static.*)))
 ._k_sem.static.log_process_thread_sem_
                0x00000000200000c0       0x10 zephyr/libzephyr.a(log_core.c.obj)
                0x00000000200000c0                log_process_thread_sem
                0x00000000200000d0                _k_sem_list_end = .

k_event_area    0x00000000200000d0        0x0 load address 0x0000000008006990
                0x00000000200000d0                _k_event_list_start = .
 *(SORT_BY_NAME(SORT_BY_ALIGNMENT(._k_event.static.*)))
                0x00000000200000d0                _k_event_list_end = .

k_queue_area    0x00000000200000d0        0x0 load address 0x0000000008006990
                0x00000000200000d0                _k_queue_list_start = .
 *(SORT_BY_NAME(SORT_BY_ALIGNMENT(._k_queue.static.*)))
                0x00000000200000d0                _k_queue_list_end = .

k_condvar_area  0x00000000200000d0        0x0 load address 0x0000000008006990
                0x00000000200000d0                _k_condvar_list_start = .
 *(SORT_BY_NAME(SORT_BY_ALIGNMENT(._k_condvar.static.*)))
                0x00000000200000d0                _k_condvar_list_end = .

net_buf_pool_area
                0x00000000200000d0        0x0 load address 0x0000000008006990
                0x00000000200000d0                _net_buf_pool_list_start = .
 *(SORT_BY_NAME(SORT_BY_ALIGNMENT(._net_buf_pool.static.*)))
                0x00000000200000d0                _net_buf_pool_list_end = .
                0x00000000200000d0                __data_region_end = .

bss             0x00000000200000d0      0xbea
                0x00000000200000d0                . = ALIGN (0x4)
                0x00000000200000d0                __bss_start = .
                0x00000000200000d0                __kernel_ram_start = .
 *(SORT_BY_ALIGNMENT(.bss))
 *(SORT_BY_ALIGNMENT(.bss.*))
 .bss.logging_thread
                0x00000000200000d0       0x70 zephyr/libzephyr.a(log_core.c.obj)
                0x00000000200000d0                logging_thread
 .bss.buf32     0x0000000020000140      0x400 zephyr/libzephyr.a(log_core.c.obj)
 .bss.last_failure_report
                0x0000000020000540        0x8 zephyr/libzephyr.a(log_core.c.obj)
 .bss.log_process_thread_timer
                0x0000000020000548       0x38 zephyr/libzephyr.a(log_core.c.obj)
 .bss.announced_cycles
                0x0000000020000580        0x8 zephyr/drivers/timer/libdrivers__timer.a(cortex_m_systick.c.obj)
 .bss.cycle_count
                0x0000000020000588        0x8 zephyr/drivers/timer/libdrivers__timer.a(cortex_m_systick.c.obj)
 .bss.z_idle_threads
                0x0000000020000590       0x70 zephyr/kernel/libkernel.a(init.c.obj)
                0x0000000020000590                z_idle_threads
 .bss.z_main_thread
                0x0000000020000600       0x70 zephyr/kernel/libkernel.a(init.c.obj)
                0x0000000020000600                z_main_thread
 .bss.slice_timeouts
                0x0000000020000670       0x18 zephyr/kernel/libkernel.a(sched.c.obj)
 .bss.curr_tick
                0x0000000020000688        0x8 zephyr/kernel/libkernel.a(timeout.c.obj)
 .bss.time      0x0000000020000690        0x4 app/libapp.a(main.c.obj)
                0x0000000020000690                time
 .bss.number    0x0000000020000694        0x4 app/libapp.a(main.c.obj)
                0x0000000020000694                number
 .bss.curr_log_buffer
                0x0000000020000698        0x4 zephyr/libzephyr.a(log_core.c.obj)
 .bss.proc_tid  0x000000002000069c        0x4 zephyr/libzephyr.a(log_core.c.obj)
 .bss.dropped_cnt
                0x00000000200006a0        0x4 zephyr/libzephyr.a(log_core.c.obj)
 .bss.buffered_cnt
                0x00000000200006a4        0x4 zephyr/libzephyr.a(log_core.c.obj)
 .bss.initialized
                0x00000000200006a8        0x4 zephyr/libzephyr.a(log_core.c.obj)
 .bss.timestamp_div
                0x00000000200006ac        0x4 zephyr/libzephyr.a(log_output.c.obj)
 .bss.freq      0x00000000200006b0        0x4 zephyr/libzephyr.a(log_output.c.obj)
 .bss.backend_cb_log_backend_rtt
                0x00000000200006b4        0x8 zephyr/libzephyr.a(log_backend_rtt.c.obj)
 .bss.log_output_rtt_control_block
                0x00000000200006bc        0xc zephyr/libzephyr.a(log_backend_rtt.c.obj)
 .bss.log_format_current
                0x00000000200006c8        0x4 zephyr/libzephyr.a(log_backend_rtt.c.obj)
 .bss.exti_data
                0x00000000200006cc       0x80 zephyr/drivers/interrupt_controller/libdrivers__interrupt_controller.a(intc_exti_stm32.c.obj)
 .bss.gpio_stm32_data_e
                0x000000002000074c       0x10 zephyr/drivers/gpio/libdrivers__gpio.a(gpio_stm32.c.obj)
 .bss.gpio_stm32_data_d
                0x000000002000075c       0x10 zephyr/drivers/gpio/libdrivers__gpio.a(gpio_stm32.c.obj)
 .bss.gpio_stm32_data_c
                0x000000002000076c       0x10 zephyr/drivers/gpio/libdrivers__gpio.a(gpio_stm32.c.obj)
 .bss.gpio_stm32_data_b
                0x000000002000077c       0x10 zephyr/drivers/gpio/libdrivers__gpio.a(gpio_stm32.c.obj)
 .bss.gpio_stm32_data_a
                0x000000002000078c       0x10 zephyr/drivers/gpio/libdrivers__gpio.a(gpio_stm32.c.obj)
 .bss.overflow_cyc
                0x000000002000079c        0x4 zephyr/drivers/timer/libdrivers__timer.a(cortex_m_systick.c.obj)
 .bss.last_load
                0x00000000200007a0        0x4 zephyr/drivers/timer/libdrivers__timer.a(cortex_m_systick.c.obj)
 .bss._SEGGER_RTT
                0x00000000200007a4       0xa8 modules/segger/libmodules__segger.a(SEGGER_RTT.c.obj)
                0x00000000200007a4                _SEGGER_RTT
 .bss._cpus_active
                0x000000002000084c        0x4 zephyr/kernel/libkernel.a(init.c.obj)
                0x000000002000084c                _cpus_active
 .bss._kernel   0x0000000020000850       0x20 zephyr/kernel/libkernel.a(init.c.obj)
                0x0000000020000850                _kernel
 .bss.pending_current
                0x0000000020000870        0x4 zephyr/kernel/libkernel.a(sched.c.obj)
 .bss.slice_max_prio
                0x0000000020000874        0x4 zephyr/kernel/libkernel.a(sched.c.obj)
 .bss.slice_ticks
                0x0000000020000878        0x4 zephyr/kernel/libkernel.a(sched.c.obj)
 .bss.announce_remaining
                0x000000002000087c        0x4 zephyr/kernel/libkernel.a(timeout.c.obj)
 .bss.temp      0x0000000020000880        0x9 app/libapp.a(main.c.obj)
                0x0000000020000880                temp
 .bss.buffer_count
                0x0000000020000889        0x1 app/libapp.a(main.c.obj)
                0x0000000020000889                buffer_count
 .bss.buffer    0x000000002000088a        0x9 app/libapp.a(main.c.obj)
                0x000000002000088a                buffer
 .bss.backend_attached
                0x0000000020000893        0x1 zephyr/libzephyr.a(log_core.c.obj)
 .bss.panic_mode
                0x0000000020000894        0x1 zephyr/libzephyr.a(log_core.c.obj)
 .bss.host_present
                0x0000000020000895        0x1 zephyr/libzephyr.a(log_backend_rtt.c.obj)
 .bss.panic_mode
                0x0000000020000896        0x1 zephyr/libzephyr.a(log_backend_rtt.c.obj)
 .bss.char_buf  0x0000000020000897       0x10 zephyr/libzephyr.a(log_backend_rtt.c.obj)
 .bss.host_present
                0x00000000200008a7        0x1 zephyr/drivers/console/libdrivers__console.a(rtt_console.c.obj)
 .bss._acDownBuffer
                0x00000000200008a8       0x10 modules/segger/libmodules__segger.a(SEGGER_RTT.c.obj)
 .bss._acUpBuffer
                0x00000000200008b8      0x400 modules/segger/libmodules__segger.a(SEGGER_RTT.c.obj)
 .bss.z_sys_post_kernel
                0x0000000020000cb8        0x1 zephyr/kernel/libkernel.a(init.c.obj)
                0x0000000020000cb8                z_sys_post_kernel
 .bss.lock      0x0000000020000cb9        0x0 zephyr/kernel/libkernel.a(mutex.c.obj)
 .bss.lock      0x0000000020000cb9        0x0 zephyr/kernel/libkernel.a(sem.c.obj)
 .bss.slice_expired
                0x0000000020000cb9        0x1 zephyr/kernel/libkernel.a(sched.c.obj)
 .bss.sched_spinlock
                0x0000000020000cba        0x0 zephyr/kernel/libkernel.a(sched.c.obj)
                0x0000000020000cba                sched_spinlock
 *(SORT_BY_ALIGNMENT(COMMON))
 *(SORT_BY_ALIGNMENT(.kernel_bss.*))
                0x0000000020000cbc                __bss_end = ALIGN (0x4)

noinit          0x0000000020000cc0     0x1000
 *(SORT_BY_ALIGNMENT(.noinit))
 *(SORT_BY_ALIGNMENT(.noinit.*))
 .noinit."WEST_TOPDIR/zephyr/subsys/logging/log_core.c".0
                0x0000000020000cc0      0x300 zephyr/libzephyr.a(log_core.c.obj)
                0x0000000020000cc0                logging_stack
 .noinit."WEST_TOPDIR/zephyr/kernel/init.c".2
                0x0000000020000fc0      0x800 zephyr/kernel/libkernel.a(init.c.obj)
                0x0000000020000fc0                z_interrupt_stacks
 .noinit."WEST_TOPDIR/zephyr/kernel/init.c".1
                0x00000000200017c0      0x100 zephyr/kernel/libkernel.a(init.c.obj)
 .noinit."WEST_TOPDIR/zephyr/kernel/init.c".0
                0x00000000200018c0      0x400 zephyr/kernel/libkernel.a(init.c.obj)
                0x00000000200018c0                z_main_stack
 *(SORT_BY_ALIGNMENT(.kernel_noinit.*))
                0x0000000020005000                __kernel_ram_end = 0x20005000
                0x0000000000004f30                __kernel_ram_size = (__kernel_ram_end - __kernel_ram_start)

.intList        0x00000000fffff800       0x88
 *(SORT_BY_ALIGNMENT(.irq_info*))
 .irq_info      0x00000000fffff800        0x8 zephyr/arch/common/libisr_tables.a(isr_tables.c.obj)
                0x00000000fffff800                _iheader
 *(SORT_BY_ALIGNMENT(.intList*))
 .intList       0x00000000fffff808       0x70 zephyr/drivers/interrupt_controller/libdrivers__interrupt_controller.a(intc_exti_stm32.c.obj)
 .intList       0x00000000fffff878       0x10 zephyr/drivers/serial/libdrivers__serial.a(uart_stm32.c.obj)

.last_ram_section
                0x0000000020001cc0        0x0
                0x0000000020001cc0                _image_ram_end = .
                0x0000000020001cc0                _end = .
                0x0000000020001cc0                z_mapped_end = .

.stab
 *(SORT_BY_ALIGNMENT(.stab))

.stabstr
 *(SORT_BY_ALIGNMENT(.stabstr))

.stab.excl
 *(SORT_BY_ALIGNMENT(.stab.excl))

.stab.exclstr
 *(SORT_BY_ALIGNMENT(.stab.exclstr))

.stab.index
 *(SORT_BY_ALIGNMENT(.stab.index))

.stab.indexstr
 *(SORT_BY_ALIGNMENT(.stab.indexstr))

.gnu.build.attributes
 *(SORT_BY_ALIGNMENT(.gnu.build.attributes) SORT_BY_ALIGNMENT(.gnu.build.attributes.*))

.comment        0x0000000000000000       0x20
 *(SORT_BY_ALIGNMENT(.comment))
 .comment       0x0000000000000000       0x20 zephyr/CMakeFiles/offsets.dir/./arch/arm/core/offsets/offsets.c.obj
                                         0x21 (size before relaxing)
 .comment       0x0000000000000020       0x21 app/libapp.a(main.c.obj)
 .comment       0x0000000000000020       0x21 zephyr/libzephyr.a(cbprintf_packaged.c.obj)
 .comment       0x0000000000000020       0x21 zephyr/libzephyr.a(printk.c.obj)
 .comment       0x0000000000000020       0x21 zephyr/libzephyr.a(thread_entry.c.obj)
 .comment       0x0000000000000020       0x21 zephyr/libzephyr.a(cbprintf_complete.c.obj)
 .comment       0x0000000000000020       0x21 zephyr/libzephyr.a(mpsc_pbuf.c.obj)
 .comment       0x0000000000000020       0x21 zephyr/libzephyr.a(configs.c.obj)
 .comment       0x0000000000000020       0x21 zephyr/libzephyr.a(soc.c.obj)
 .comment       0x0000000000000020       0x21 zephyr/libzephyr.a(soc_config.c.obj)
 .comment       0x0000000000000020       0x21 zephyr/libzephyr.a(log_core.c.obj)
 .comment       0x0000000000000020       0x21 zephyr/libzephyr.a(log_mgmt.c.obj)
 .comment       0x0000000000000020       0x21 zephyr/libzephyr.a(log_msg.c.obj)
 .comment       0x0000000000000020       0x21 zephyr/libzephyr.a(log_output.c.obj)
 .comment       0x0000000000000020       0x21 zephyr/libzephyr.a(log_backend_rtt.c.obj)
 .comment       0x0000000000000020       0x21 zephyr/arch/arch/arm/core/aarch32/libarch__arm__core__aarch32.a(fatal.c.obj)
 .comment       0x0000000000000020       0x21 zephyr/arch/arch/arm/core/aarch32/libarch__arm__core__aarch32.a(irq_manage.c.obj)
 .comment       0x0000000000000020       0x21 zephyr/arch/arch/arm/core/aarch32/libarch__arm__core__aarch32.a(nmi.c.obj)
 .comment       0x0000000000000020       0x21 zephyr/arch/arch/arm/core/aarch32/libarch__arm__core__aarch32.a(prep_c.c.obj)
 .comment       0x0000000000000020       0x21 zephyr/arch/arch/arm/core/aarch32/libarch__arm__core__aarch32.a(swap.c.obj)
 .comment       0x0000000000000020       0x21 zephyr/arch/arch/arm/core/aarch32/libarch__arm__core__aarch32.a(thread.c.obj)
 .comment       0x0000000000000020       0x21 zephyr/arch/arch/arm/core/aarch32/cortex_m/libarch__arm__core__aarch32__cortex_m.a(fault.c.obj)
 .comment       0x0000000000000020       0x21 zephyr/arch/arch/arm/core/aarch32/cortex_m/libarch__arm__core__aarch32__cortex_m.a(irq_init.c.obj)
 .comment       0x0000000000000020       0x21 zephyr/arch/arch/arm/core/aarch32/cortex_m/libarch__arm__core__aarch32__cortex_m.a(thread_abort.c.obj)
 .comment       0x0000000000000020       0x21 zephyr/lib/libc/minimal/liblib__libc__minimal.a(atoi.c.obj)
 .comment       0x0000000000000020       0x21 zephyr/lib/libc/minimal/liblib__libc__minimal.a(string.c.obj)
 .comment       0x0000000000000020       0x21 zephyr/lib/libc/minimal/liblib__libc__minimal.a(stdout_console.c.obj)
 .comment       0x0000000000000020       0x21 zephyr/lib/libc/common/liblib__libc__common.a(strnlen.c.obj)
 .comment       0x0000000000000020       0x21 zephyr/drivers/interrupt_controller/libdrivers__interrupt_controller.a(intc_exti_stm32.c.obj)